Archive member included to satisfy reference by file (symbol)

/home/pickle/n64/toolchain/lib/gcc/mips64-elf/14.2.0/../../../../mips64-elf/lib/libdragon.a(n64sys.o)
                              build/dev/dev.o (__boot_consoletype)
/home/pickle/n64/toolchain/lib/gcc/mips64-elf/14.2.0/../../../../mips64-elf/lib/libdragon.a(interrupt.o)
                              /home/pickle/n64/toolchain/lib/gcc/mips64-elf/14.2.0/../../../../mips64-elf/lib/libdragon.a(n64sys.o) (disable_interrupts)
/home/pickle/n64/toolchain/lib/gcc/mips64-elf/14.2.0/../../../../mips64-elf/lib/libdragon.a(entrypoint.o)
                              (_start)
/home/pickle/n64/toolchain/lib/gcc/mips64-elf/14.2.0/../../../../mips64-elf/lib/libdragon.a(debug.o)
                              build/dev/dev.o (debug_init_usblog)
/home/pickle/n64/toolchain/lib/gcc/mips64-elf/14.2.0/../../../../mips64-elf/lib/libdragon.a(usb.o)
                              /home/pickle/n64/toolchain/lib/gcc/mips64-elf/14.2.0/../../../../mips64-elf/lib/libdragon.a(debug.o) (usb_write)
/home/pickle/n64/toolchain/lib/gcc/mips64-elf/14.2.0/../../../../mips64-elf/lib/libdragon.a(cart.o)
                              /home/pickle/n64/toolchain/lib/gcc/mips64-elf/14.2.0/../../../../mips64-elf/lib/libdragon.a(debug.o) (cart_init)
/home/pickle/n64/toolchain/lib/gcc/mips64-elf/14.2.0/../../../../mips64-elf/lib/libdragon.a(ff.o)
                              /home/pickle/n64/toolchain/lib/gcc/mips64-elf/14.2.0/../../../../mips64-elf/lib/libdragon.a(debug.o) (f_mount)
/home/pickle/n64/toolchain/lib/gcc/mips64-elf/14.2.0/../../../../mips64-elf/lib/libdragon.a(ffunicode.o)
                              /home/pickle/n64/toolchain/lib/gcc/mips64-elf/14.2.0/../../../../mips64-elf/lib/libdragon.a(ff.o) (ff_uni2oem)
/home/pickle/n64/toolchain/lib/gcc/mips64-elf/14.2.0/../../../../mips64-elf/lib/libdragon.a(fat.o)
                              /home/pickle/n64/toolchain/lib/gcc/mips64-elf/14.2.0/../../../../mips64-elf/lib/libdragon.a(ff.o) (disk_initialize)
/home/pickle/n64/toolchain/lib/gcc/mips64-elf/14.2.0/../../../../mips64-elf/lib/libdragon.a(dragonfs.o)
                              build/main.o (dfs_init)
/home/pickle/n64/toolchain/lib/gcc/mips64-elf/14.2.0/../../../../mips64-elf/lib/libdragon.a(audio.o)
                              build/controllers/audio_controller.o (audio_init)
/home/pickle/n64/toolchain/lib/gcc/mips64-elf/14.2.0/../../../../mips64-elf/lib/libdragon.a(display.o)
                              build/main.o (display_init)
/home/pickle/n64/toolchain/lib/gcc/mips64-elf/14.2.0/../../../../mips64-elf/lib/libdragon.a(surface.o)
                              build/main.o (surface_alloc)
/home/pickle/n64/toolchain/lib/gcc/mips64-elf/14.2.0/../../../../mips64-elf/lib/libdragon.a(console.o)
                              build/dev/dev.o (console_init)
/home/pickle/n64/toolchain/lib/gcc/mips64-elf/14.2.0/../../../../mips64-elf/lib/libdragon.a(asset.o)
                              build/main.o (__asset_init_compression_lvl2)
/home/pickle/n64/toolchain/lib/gcc/mips64-elf/14.2.0/../../../../mips64-elf/lib/libdragon.a(graphics.o)
                              /home/pickle/n64/toolchain/lib/gcc/mips64-elf/14.2.0/../../../../mips64-elf/lib/libdragon.a(console.o) (graphics_set_color)
/home/pickle/n64/toolchain/lib/gcc/mips64-elf/14.2.0/../../../../mips64-elf/lib/libdragon.a(rsp.o)
                              /home/pickle/n64/toolchain/lib/gcc/mips64-elf/14.2.0/../../../../mips64-elf/lib/libdragon.a(display.o) (__rsp_crash)
/home/pickle/n64/toolchain/lib/gcc/mips64-elf/14.2.0/../../../../mips64-elf/lib/libdragon.a(rsp_crash.o)
                              /home/pickle/n64/toolchain/lib/gcc/mips64-elf/14.2.0/../../../../mips64-elf/lib/libdragon.a(rsp.o) (rsp_crash_data_start)
/home/pickle/n64/toolchain/lib/gcc/mips64-elf/14.2.0/../../../../mips64-elf/lib/libdragon.a(inspector.o)
                              /home/pickle/n64/toolchain/lib/gcc/mips64-elf/14.2.0/../../../../mips64-elf/lib/libdragon.a(debug.o) (__inspector_assertion)
/home/pickle/n64/toolchain/lib/gcc/mips64-elf/14.2.0/../../../../mips64-elf/lib/libdragon.a(sprite.o)
                              /home/pickle/n64/toolchain/lib/gcc/mips64-elf/14.2.0/../../../../mips64-elf/lib/libdragon.a(graphics.o) (__sprite_upgrade)
/home/pickle/n64/toolchain/lib/gcc/mips64-elf/14.2.0/../../../../mips64-elf/lib/libdragon.a(dma.o)
                              /home/pickle/n64/toolchain/lib/gcc/mips64-elf/14.2.0/../../../../mips64-elf/lib/libdragon.a(debug.o) (io_accessible)
/home/pickle/n64/toolchain/lib/gcc/mips64-elf/14.2.0/../../../../mips64-elf/lib/libdragon.a(exception.o)
                              /home/pickle/n64/toolchain/lib/gcc/mips64-elf/14.2.0/../../../../mips64-elf/lib/libdragon.a(inspector.o) (__exception_dump_header)
/home/pickle/n64/toolchain/lib/gcc/mips64-elf/14.2.0/../../../../mips64-elf/lib/libdragon.a(do_ctors.o)
[...]
Memory Configuration

Name             Origin             Length             Attributes
*default*        0x00000000         0xffffffff

Linker script and memory map

LOAD /home/pickle/n64/toolchain/lib/gcc/mips64-elf/14.2.0/crti.o
LOAD /home/pickle/n64/toolchain/lib/gcc/mips64-elf/14.2.0/crtbegin.o
LOAD build/main.o
LOAD build/controllers/audio_controller.o
LOAD build/controllers/camera_controller.o
LOAD build/dev/debug_draw.o
LOAD build/dev/dev.o
LOAD build/objects/boss.o
LOAD build/objects/character.o
LOAD build/scenes/scene.o
LOAD build/utilities/animation_utility.o
LOAD build/utilities/display_utility.o
LOAD build/utilities/game_lighting.o
LOAD build/utilities/game_math.o
LOAD build/utilities/game_time.o
LOAD build/utilities/general_utility.o
LOAD build/utilities/joypad_utility.o
LOAD build/utilities/simple_collision_utility.o
LOAD /home/pickle/n64/tiny3d//build/libt3d.a
LOAD /home/pickle/n64/toolchain/lib/gcc/mips64-elf/14.2.0/../../../../mips64-elf/lib/libdragon.a
LOAD /home/pickle/n64/toolchain/lib/gcc/mips64-elf/14.2.0/../../../../mips64-elf/lib/libm.a
LOAD /home/pickle/n64/toolchain/lib/gcc/mips64-elf/14.2.0/../../../../mips64-elf/lib/libdragonsys.a

.intvectors     0x80000000      0x188
                0x80000000                        . = ALIGN (0x20)
 *(.intvectors)
 .intvectors    0x80000000      0x188 /home/pickle/n64/toolchain/lib/gcc/mips64-elf/14.2.0/../../../../mips64-elf/lib/libdragon.a(inthandler.o)
                0x80000188                        __intvectors_end = .

.text           0x80000400    0x3b2b0
                0x80000400                        __text_start = .
 *(.boot)
 .boot          0x80000400       0x74 /home/pickle/n64/toolchain/lib/gcc/mips64-elf/14.2.0/../../../../mips64-elf/lib/libdragon.a(entrypoint.o)
                0x80000400                _start
                0x80000480                        . = ALIGN (0x10)
 *fill*         0x80000474        0xc 
 *(.text)
 .text          0x80000480      0x400 /home/pickle/n64/toolchain/lib/gcc/mips64-elf/14.2.0/../../../../mips64-elf/lib/libdragon.a(inthandler.o)
                0x80000480                inthandler
                0x80000880                inthandler_end
 .text          0x80000880      0x100 /home/pickle/n64/toolchain/lib/gcc/mips64-elf/14.2.0/../../../../mips64-elf/lib/libm.a(libm_a-s_cos.o)
                0x80000880                cos
 .text          0x80000980      0x1c0 /home/pickle/n64/toolchain/lib/gcc/mips64-elf/14.2.0/../../../../mips64-elf/lib/libm.a(libm_a-s_floor.o)
                0x80000980                floor
 .text          0x80000b40      0x108 /home/pickle/n64/toolchain/lib/gcc/mips64-elf/14.2.0/../../../../mips64-elf/lib/libm.a(libm_a-s_sin.o)
                0x80000b40                sin
 .text          0x80000c48       0x20 /home/pickle/n64/toolchain/lib/gcc/mips64-elf/14.2.0/../../../../mips64-elf/lib/libm.a(libm_a-sf_fabs.o)
                0x80000c48                fabsf
 .text          0x80000c68      0x110 /home/pickle/n64/toolchain/lib/gcc/mips64-elf/14.2.0/../../../../mips64-elf/lib/libm.a(libm_a-sf_floor.o)
                0x80000c68                floorf
 .text          0x80000d78       0x80 /home/pickle/n64/toolchain/lib/gcc/mips64-elf/14.2.0/../../../../mips64-elf/lib/libm.a(libm_a-sf_tan.o)
                0x80000d78                tanf
 .text          0x80000df8       0x98 /home/pickle/n64/toolchain/lib/gcc/mips64-elf/14.2.0/../../../../mips64-elf/lib/libm.a(libm_a-sf_round.o)
                0x80000df8                roundf
 .text          0x80000e90      0x190 /home/pickle/n64/toolchain/lib/gcc/mips64-elf/14.2.0/../../../../mips64-elf/lib/libm.a(libm_a-k_cos.o)
                0x80000e90                __kernel_cos
 .text          0x80001020       0xd0 /home/pickle/n64/toolchain/lib/gcc/mips64-elf/14.2.0/../../../../mips64-elf/lib/libm.a(libm_a-k_sin.o)
                0x80001020                __kernel_sin
 .text          0x800010f0      0x370 /home/pickle/n64/toolchain/lib/gcc/mips64-elf/14.2.0/../../../../mips64-elf/lib/libm.a(libm_a-e_rem_pio2.o)
                0x800010f0                __ieee754_rem_pio2
 .text          0x80001460       0x30 /home/pickle/n64/toolchain/lib/gcc/mips64-elf/14.2.0/../../../../mips64-elf/lib/libm.a(libm_a-s_fabs.o)
                0x80001460                fabs
 .text          0x80001490      0x2b0 /home/pickle/n64/toolchain/lib/gcc/mips64-elf/14.2.0/../../../../mips64-elf/lib/libm.a(libm_a-kf_tan.o)
                0x80001490                __kernel_tanf
 .text          0x80001740      0x370 /home/pickle/n64/toolchain/lib/gcc/mips64-elf/14.2.0/../../../../mips64-elf/lib/libm.a(libm_a-ef_rem_pio2.o)
                0x80001740                __ieee754_rem_pio2f
 .text          0x80001ab0      0x188 /home/pickle/n64/toolchain/lib/gcc/mips64-elf/14.2.0/../../../../mips64-elf/lib/libm.a(libm_a-sf_scalbn.o)
                0x80001ab0                scalbnf
 .text          0x80001c38      0x9d8 /home/pickle/n64/toolchain/lib/gcc/mips64-elf/14.2.0/../../../../mips64-elf/lib/libm.a(libm_a-k_rem_pio2.o)
                0x80001c38                __kernel_rem_pio2
 .text          0x80002610      0x9a0 /home/pickle/n64/toolchain/lib/gcc/mips64-elf/14.2.0/../../../../mips64-elf/lib/libm.a(libm_a-kf_rem_pio2.o)
                0x80002610                __kernel_rem_pio2f
 .text          0x80002fb0      0x1b0 /home/pickle/n64/toolchain/lib/gcc/mips64-elf/14.2.0/../../../../mips64-elf/lib/libm.a(libm_a-s_scalbn.o)
                0x80002fb0                scalbn
 .text          0x80003160       0x18 /home/pickle/n64/toolchain/lib/gcc/mips64-elf/14.2.0/../../../../mips64-elf/lib/libc.a(libc_a-abort.o)
                0x80003160                abort
 .text          0x80003178       0x18 /home/pickle/n64/toolchain/lib/gcc/mips64-elf/14.2.0/../../../../mips64-elf/lib/libc.a(libc_a-calloc.o)
                0x80003178                calloc
 .text          0x80003190      0x120 /home/pickle/n64/toolchain/lib/gcc/mips64-elf/14.2.0/../../../../mips64-elf/lib/libc.a(libc_a-callocr.o)
                0x80003190                _calloc_r
 .text          0x800032b0       0x20 /home/pickle/n64/toolchain/lib/gcc/mips64-elf/14.2.0/../../../../mips64-elf/lib/libc.a(libc_a-malloc.o)
                0x800032b0                malloc
                0x800032c0                free
 .text          0x800032d0      0x8c8 /home/pickle/n64/toolchain/lib/gcc/mips64-elf/14.2.0/../../../../mips64-elf/lib/libc.a(libc_a-mallocr.o)
                0x800032d0                _malloc_r
 .text          0x80003b98       0x20 /home/pickle/n64/toolchain/lib/gcc/mips64-elf/14.2.0/../../../../mips64-elf/lib/libc.a(libc_a-mlock.o)
                0x80003b98                __malloc_lock
                0x80003ba8                __malloc_unlock
 .text          0x80003bb8       0xc0 /home/pickle/n64/toolchain/lib/gcc/mips64-elf/14.2.0/../../../../mips64-elf/lib/libc.a(libc_a-mstats.o)
                0x80003bb8                mallinfo
                0x80003be8                malloc_stats
                0x80003bf0                mallopt
                0x80003c08                _mstats_r
                0x80003c40                mstats
 .text          0x80003c78      0x600 /home/pickle/n64/toolchain/lib/gcc/mips64-elf/14.2.0/../../../../mips64-elf/lib/libc.a(libc_a-reallocr.o)
                0x80003c78                _realloc_r
 .text          0x80004278       0x18 /home/pickle/n64/toolchain/lib/gcc/mips64-elf/14.2.0/../../../../mips64-elf/lib/libc.a(libc_a-malign.o)
                0x80004278                memalign
 .text          0x80004290      0x200 /home/pickle/n64/toolchain/lib/gcc/mips64-elf/14.2.0/../../../../mips64-elf/lib/libc.a(libc_a-malignr.o)
                0x80004290                _memalign_r
 .text          0x80004490       0xf8 /home/pickle/n64/toolchain/lib/gcc/mips64-elf/14.2.0/../../../../mips64-elf/lib/libc.a(libc_a-malloptr.o)
                0x80004490                _mallopt_r
 .text          0x80004588      0xb00 /home/pickle/n64/toolchain/lib/gcc/mips64-elf/14.2.0/../../../../mips64-elf/lib/libc.a(libc_a-qsort.o)
                0x80004588                qsort
 .text          0x80005088       0x68 /home/pickle/n64/toolchain/lib/gcc/mips64-elf/14.2.0/../../../../mips64-elf/lib/libc.a(libc_a-fiprintf.o)
                0x80005088                _fiprintf_r
                0x800050b0                fiprintf
 .text          0x800050f0     0x2a08 /home/pickle/n64/toolchain/lib/gcc/mips64-elf/14.2.0/../../../../mips64-elf/lib/libc.a(libc_a-vfprintf.o)
                0x800050f0                _vfprintf_r
                0x800079e0                vfprintf
 .text          0x80007af8     0x1500 /home/pickle/n64/toolchain/lib/gcc/mips64-elf/14.2.0/../../../../mips64-elf/lib/libc.a(libc_a-vfiprintf.o)
                0x80007af8                _vfiprintf_r
                0x80008ee0                vfiprintf
 .text          0x80008ff8       0x40 /home/pickle/n64/toolchain/lib/gcc/mips64-elf/14.2.0/../../../../mips64-elf/lib/libc.a(libc_a-sprint_r.o)
                0x80008ff8                __sprint_r
 .text          0x80009038      0x1b0 /home/pickle/n64/toolchain/lib/gcc/mips64-elf/14.2.0/../../../../mips64-elf/lib/libc.a(libc_a-fclose.o)
                0x80009038                _fclose_r
                0x800091d8                fclose
 .text          0x800091e8      0x458 /home/pickle/n64/toolchain/lib/gcc/mips64-elf/14.2.0/../../../../mips64-elf/lib/libc.a(libc_a-fflush.o)
                0x800091e8                __sflush_r
                0x80009440                _fflush_r
                0x80009548                fflush
 .text          0x80009640      0x510 /home/pickle/n64/toolchain/lib/gcc/mips64-elf/14.2.0/../../../../mips64-elf/lib/libc.a(libc_a-findfp.o)
                0x800098d8                __sfp
                0x80009a48                __sinit
                0x80009ac0                __sfp_lock_acquire
                0x80009ad0                __sfp_lock_release
                0x80009ae0                __fp_lock_all
                0x80009b18                __fp_unlock_all
 .text          0x80009b50       0x68 /home/pickle/n64/toolchain/lib/gcc/mips64-elf/14.2.0/../../../../mips64-elf/lib/libc.a(libc_a-fprintf.o)
                0x80009b50                _fprintf_r
                0x80009b78                fprintf
 .text          0x80009bb8      0x190 /home/pickle/n64/toolchain/lib/gcc/mips64-elf/14.2.0/../../../../mips64-elf/lib/libc.a(libc_a-fputc.o)
                0x80009bb8                _fputc_r
                0x80009c80                fputc
 .text          0x80009d48      0x508 /home/pickle/n64/toolchain/lib/gcc/mips64-elf/14.2.0/../../../../mips64-elf/lib/libc.a(libc_a-fvwrite.o)
                0x80009d48                __sfvwrite_r
 .text          0x8000a250       0xc0 /home/pickle/n64/toolchain/lib/gcc/mips64-elf/14.2.0/../../../../mips64-elf/lib/libc.a(libc_a-fwalk.o)
                0x8000a250                _fwalk_sglue
 .text          0x8000a310      0x250 /home/pickle/n64/toolchain/lib/gcc/mips64-elf/14.2.0/../../../../mips64-elf/lib/libc.a(libc_a-fwrite.o)
                0x8000a310                _fwrite_r
                0x8000a530                fwrite
 .text          0x8000a560       0x78 /home/pickle/n64/toolchain/lib/gcc/mips64-elf/14.2.0/../../../../mips64-elf/lib/libc.a(libc_a-printf.o)
                0x8000a560                _printf_r
                0x8000a598                printf
 .text          0x8000a5d8      0x240 /home/pickle/n64/toolchain/lib/gcc/mips64-elf/14.2.0/../../../../mips64-elf/lib/libc.a(libc_a-putc.o)
                0x8000a5d8                _putc_r
                0x8000a6e8                putc
 .text          0x8000a818       0x20 /home/pickle/n64/toolchain/lib/gcc/mips64-elf/14.2.0/../../../../mips64-elf/lib/libc.a(libc_a-putchar.o)
                0x8000a818                _putchar_r
                0x8000a820                putchar
 .text          0x8000a838      0x1a8 /home/pickle/n64/toolchain/lib/gcc/mips64-elf/14.2.0/../../../../mips64-elf/lib/libc.a(libc_a-puts.o)
                0x8000a838                _puts_r
                0x8000a9d0                puts
 .text          0x8000a9e0      0x2f0 /home/pickle/n64/toolchain/lib/gcc/mips64-elf/14.2.0/../../../../mips64-elf/lib/libc.a(libc_a-setvbuf.o)
                0x8000a9e0                setvbuf
 .text          0x8000acd0      0x1c8 /home/pickle/n64/toolchain/lib/gcc/mips64-elf/14.2.0/../../../../mips64-elf/lib/libc.a(libc_a-snprintf.o)
                0x8000acd0                _snprintf_r
                0x8000adb0                snprintf
 .text          0x8000ae98       0xe0 /home/pickle/n64/toolchain/lib/gcc/mips64-elf/14.2.0/../../../../mips64-elf/lib/libc.a(libc_a-sprintf.o)
                0x8000ae98                _sprintf_r
                0x8000af00                sprintf
 .text          0x8000af78      0x190 /home/pickle/n64/toolchain/lib/gcc/mips64-elf/14.2.0/../../../../mips64-elf/lib/libc.a(libc_a-stdio.o)
                0x8000af78                __sread
                0x8000afd0                __seofread
                0x8000afd8                __swrite
                0x8000b098                __sseek
                0x8000b100                __sclose
 .text          0x8000b108       0x30 /home/pickle/n64/toolchain/lib/gcc/mips64-elf/14.2.0/../../../../mips64-elf/lib/libc.a(libc_a-vprintf.o)
                0x8000b108                vprintf
                0x8000b120                _vprintf_r
 .text          0x8000b138      0x1b8 /home/pickle/n64/toolchain/lib/gcc/mips64-elf/14.2.0/../../../../mips64-elf/lib/libc.a(libc_a-vsnprintf.o)
                0x8000b138                vsnprintf
                0x8000b210                _vsnprintf_r
 .text          0x8000b2f0      0x1d0 /home/pickle/n64/toolchain/lib/gcc/mips64-elf/14.2.0/../../../../mips64-elf/lib/libc.a(libc_a-wbuf.o)
                0x8000b2f0                __swbuf_r
                0x8000b4a8                __swbuf
 .text          0x8000b4c0      0x1e0 /home/pickle/n64/toolchain/lib/gcc/mips64-elf/14.2.0/../../../../mips64-elf/lib/libc.a(libc_a-wsetup.o)
                0x8000b4c0                __swsetup_r
 .text          0x8000b6a0       0xf0 /home/pickle/n64/toolchain/lib/gcc/mips64-elf/14.2.0/../../../../mips64-elf/lib/libc.a(libc_a-memchr.o)
                0x8000b6a0                memchr
 .text          0x8000b790       0x80 /home/pickle/n64/toolchain/lib/gcc/mips64-elf/14.2.0/../../../../mips64-elf/lib/libc.a(libc_a-memcmp.o)
                0x8000b790                memcmp
 .text          0x8000b810      0x168 /home/pickle/n64/toolchain/lib/gcc/mips64-elf/14.2.0/../../../../mips64-elf/lib/libc.a(libc_a-memmove.o)
                0x8000b810                memmove
 .text          0x8000b978       0x98 /home/pickle/n64/toolchain/lib/gcc/mips64-elf/14.2.0/../../../../mips64-elf/lib/libc.a(libc_a-strcat.o)
                0x8000b978                strcat
 .text          0x8000ba10      0x188 /home/pickle/n64/toolchain/lib/gcc/mips64-elf/14.2.0/../../../../mips64-elf/lib/libc.a(libc_a-strchr.o)
                0x8000ba10                strchr
 .text          0x8000bb98       0xa8 /home/pickle/n64/toolchain/lib/gcc/mips64-elf/14.2.0/../../../../mips64-elf/lib/libc.a(libc_a-strcpy.o)
                0x8000bb98                strcpy
 .text          0x8000bc40      0x460 /home/pickle/n64/toolchain/lib/gcc/mips64-elf/14.2.0/../../../../mips64-elf/lib/libc.a(libc_a-strerror.o)
                0x8000bc40                _strerror_r
                0x8000c070                strerror
                0x8000c088                strerror_l
 .text          0x8000c0a0       0x70 /home/pickle/n64/toolchain/lib/gcc/mips64-elf/14.2.0/../../../../mips64-elf/lib/libc.a(libc_a-strrchr.o)
                0x8000c0a0                strrchr
 .text          0x8000c110      0xbb8 /home/pickle/n64/toolchain/lib/gcc/mips64-elf/14.2.0/../../../../mips64-elf/lib/libc.a(libc_a-strstr.o)
                0x8000c9c8                strstr
 .text          0x8000ccc8        0x8 /home/pickle/n64/toolchain/lib/gcc/mips64-elf/14.2.0/../../../../mips64-elf/lib/libc.a(libc_a-u_strerr.o)
                0x8000ccc8                _user_strerror
 .text          0x8000ccd0       0x90 /home/pickle/n64/toolchain/lib/gcc/mips64-elf/14.2.0/../../../../mips64-elf/lib/libc.a(libc_a-stpcpy.o)
                0x8000ccd0                stpcpy
 .text          0x8000cd60      0x598 /home/pickle/n64/toolchain/lib/gcc/mips64-elf/14.2.0/../../../../mips64-elf/lib/libc.a(libc_a-signal.o)
                0x8000cd60                _init_signal_r
                0x8000cdc8                _signal_r
                0x8000ce78                _raise_r
                0x8000cf30                __sigtramp_r
                0x8000d020                raise
                0x8000d0e8                signal
                0x8000d1a0                _init_signal
                0x8000d210                __sigtramp
 .text          0x8000d2f8       0x28 /home/pickle/n64/toolchain/lib/gcc/mips64-elf/14.2.0/../../../../mips64-elf/lib/libc.a(libc_a-localeconv.o)
                0x8000d2f8                __localeconv_l
                0x8000d300                _localeconv_r
                0x8000d310                localeconv
 .text          0x8000d320       0x50 /home/pickle/n64/toolchain/lib/gcc/mips64-elf/14.2.0/../../../../mips64-elf/lib/libc.a(libc_a-closer.o)
                0x8000d320                _close_r
 .text          0x8000d370       0x58 /home/pickle/n64/toolchain/lib/gcc/mips64-elf/14.2.0/../../../../mips64-elf/lib/libc.a(libc_a-fstatr.o)
                0x8000d370                _fstat_r
 .text          0x8000d3c8       0x60 /home/pickle/n64/toolchain/lib/gcc/mips64-elf/14.2.0/../../../../mips64-elf/lib/libc.a(libc_a-lseekr.o)
                0x8000d3c8                _lseek_r
 .text          0x8000d428       0x60 /home/pickle/n64/toolchain/lib/gcc/mips64-elf/14.2.0/../../../../mips64-elf/lib/libc.a(libc_a-readr.o)
                0x8000d428                _read_r
 .text          0x8000d488       0x60 /home/pickle/n64/toolchain/lib/gcc/mips64-elf/14.2.0/../../../../mips64-elf/lib/libc.a(libc_a-signalr.o)
                0x8000d488                _kill_r
                0x8000d4e0                _getpid_r
 .text          0x8000d4e8       0x50 /home/pickle/n64/toolchain/lib/gcc/mips64-elf/14.2.0/../../../../mips64-elf/lib/libc.a(libc_a-sbrkr.o)
                0x8000d4e8                _sbrk_r
 .text          0x8000d538       0x60 /home/pickle/n64/toolchain/lib/gcc/mips64-elf/14.2.0/../../../../mips64-elf/lib/libc.a(libc_a-writer.o)
                0x8000d538                _write_r
 .text          0x8000d598        0x8 /home/pickle/n64/toolchain/lib/gcc/mips64-elf/14.2.0/../../../../mips64-elf/lib/libc.a(libc_a-errno.o)
                0x8000d598                __errno
 .text          0x8000d5a0       0x18 /home/pickle/n64/toolchain/lib/gcc/mips64-elf/14.2.0/../../../../mips64-elf/lib/libc.a(libc_a-strlen.o)
                0x8000d5a0                strlen
 .text          0x8000d5b8      0x240 /home/pickle/n64/toolchain/lib/gcc/mips64-elf/14.2.0/../../../../mips64-elf/lib/libc.a(libc_a-strcmp.o)
                0x8000d5b8                strcmp
 .text          0x8000d7f8      0x11c /home/pickle/n64/toolchain/lib/gcc/mips64-elf/14.2.0/../../../../mips64-elf/lib/libc.a(libc_a-memset.o)
                0x8000d7f8                memset
 .text          0x8000d914      0x370 /home/pickle/n64/toolchain/lib/gcc/mips64-elf/14.2.0/../../../../mips64-elf/lib/libc.a(libc_a-memcpy.o)
                0x8000d914                memcpy
 *fill*         0x8000dc84        0x4 
 .text          0x8000dc88     0x1810 /home/pickle/n64/toolchain/lib/gcc/mips64-elf/14.2.0/../../../../mips64-elf/lib/libc.a(libc_a-dtoa.o)
                0x8000ded8                _dtoa_r
 .text          0x8000f498      0x470 /home/pickle/n64/toolchain/lib/gcc/mips64-elf/14.2.0/../../../../mips64-elf/lib/libc.a(libc_a-freer.o)
                0x8000f498                _malloc_trim_r
                0x8000f5d8                _free_r
 .text          0x8000f908      0x170 /home/pickle/n64/toolchain/lib/gcc/mips64-elf/14.2.0/../../../../mips64-elf/lib/libc.a(libc_a-mallinfor.o)
                0x8000f908                __malloc_update_mallinfo
                0x8000f990                _mallinfo_r
 .text          0x8000fa78       0xa0 /home/pickle/n64/toolchain/lib/gcc/mips64-elf/14.2.0/../../../../mips64-elf/lib/libc.a(libc_a-mallstatsr.o)
                0x8000fa78                _malloc_stats_r
 .text          0x8000fb18     0x1480 /home/pickle/n64/toolchain/lib/gcc/mips64-elf/14.2.0/../../../../mips64-elf/lib/libc.a(libc_a-mprec.o)
                0x8000fb18                _Balloc
                0x8000fbc8                _Bfree
                0x8000fbf8                __multadd
                0x8000fd50                __s2b
                0x8000fed0                __hi0bits
                0x8000ff78                __lo0bits
                0x80010090                __i2b
                0x80010168                __multiply
                0x800103f0                __pow5mult
                0x80010558                __lshift
                0x80010710                __mcmp
                0x80010778                __mdiff
                0x800109f0                __ulp
                0x80010aa0                __b2d
                0x80010c38                __d2b
                0x80010d90                __ratio
                0x80010e50                _mprec_log10
                0x80010e90                __copybits
                0x80010f18                __any_on
 .text          0x80010f98     0x2718 /home/pickle/n64/toolchain/lib/gcc/mips64-elf/14.2.0/../../../../mips64-elf/lib/libc.a(libc_a-svfprintf.o)
                0x80010f98                _svfprintf_r
 .text          0x800136b0       0xc8 /home/pickle/n64/toolchain/lib/gcc/mips64-elf/14.2.0/../../../../mips64-elf/lib/libc.a(libc_a-ssprint_r.o)
                0x800136b0                __ssprint_r
 .text          0x80013778      0x230 /home/pickle/n64/toolchain/lib/gcc/mips64-elf/14.2.0/../../../../mips64-elf/lib/libc.a(libc_a-makebuf.o)
                0x80013778                __smakebuf_r
                0x800138f8                __swhatbuf_r
 .text          0x800139a8       0x40 /home/pickle/n64/toolchain/lib/gcc/mips64-elf/14.2.0/../../../../mips64-elf/lib/libc.a(libc_a-strnlen.o)
                0x800139a8                strnlen
 .text          0x800139e8       0x50 /home/pickle/n64/toolchain/lib/gcc/mips64-elf/14.2.0/../../../../mips64-elf/lib/libc.a(libc_a-isattyr.o)
                0x800139e8                _isatty_r
 .text          0x80013a38       0x70 /home/pickle/n64/toolchain/lib/gcc/mips64-elf/14.2.0/../../../../mips64-elf/lib/libc.a(libc_a-mbtowc_r.o)
                0x80013a38                _mbtowc_r
                0x80013a48                __ascii_mbtowc
 .text          0x80013aa8       0x48 /home/pickle/n64/toolchain/lib/gcc/mips64-elf/14.2.0/../../../../mips64-elf/lib/libc.a(libc_a-wctomb_r.o)
                0x80013aa8                _wctomb_r
                0x80013ab8                __ascii_wctomb
 .text          0x80013af0      0x188 /home/pickle/n64/toolchain/lib/gcc/mips64-elf/14.2.0/../../../../mips64-elf/lib/libc.a(libc_a-ssputs_r.o)
                0x80013af0                __ssputs_r
 .text          0x80013c78     0x1de8 /home/pickle/n64/toolchain/lib/gcc/mips64-elf/14.2.0/libgcc.a(unwind-dw2-fde.o)
                0x80015598                __register_frame_info_bases
                0x800155e0                __register_frame_info
                0x80015628                __register_frame
                0x80015698                __register_frame_info_table_bases
                0x800156c8                __register_frame_info_table
                0x800156f8                __register_frame_table
                0x80015750                __deregister_frame_info_bases
                0x80015838                __deregister_frame_info
                0x80015840                __deregister_frame
                0x80015878                _Unwind_Find_FDE
 *(.text.*)
 .text.startup.main
                0x80015a60      0x2a0 build/main.o
                0x80015a60                main
 .text.audio_initialize
                0x80015d00       0x80 build/controllers/audio_controller.o
                0x80015d00                audio_initialize
 .text.camera_initialize
                0x80015d80      0x100 build/controllers/camera_controller.o
                0x80015d80                camera_initialize
 .text.camera_update
                0x80015e80      0x6e0 build/controllers/camera_controller.o
                0x80015e80                camera_update
 .text.debug_profile_slot_compare
                0x80016560       0x40 build/dev/dev.o
 .text.debug_print_table_entry.constprop.0
                0x800165a0       0xe0 build/dev/dev.o
 .text.debug_draw_line_hori
                0x80016680       0x60 build/dev/dev.o
 .text.debug_draw_perf_overlay
                0x800166e0      0xb80 build/dev/dev.o
                0x800166e0                debug_draw_perf_overlay
 .text.dev_tools_init
                0x80017260       0x40 build/dev/dev.o
                0x80017260                dev_tools_init
 .text.dev_frame_update
                0x800172a0       0x20 build/dev/dev.o
                0x800172a0                dev_frame_update
 .text.dev_controller_update
                0x800172c0      0xb40 build/dev/dev.o
                0x800172c0                dev_controller_update
 .text.dev_update
                0x80017e00      0x6a0 build/dev/dev.o
                0x80017e00                dev_update
 .text.dev_draw_update
                0x800184a0       0x60 build/dev/dev.o
                0x800184a0                dev_draw_update
 .text.dev_draw_debug_update
                0x80018500       0x20 build/dev/dev.o
                0x80018500                dev_draw_debug_update
 .text.dev_frames_end_update
                0x80018520       0x60 build/dev/dev.o
                0x80018520                dev_frames_end_update
 .text.scene_init
                0x80018580       0xc0 build/scenes/scene.o
                0x80018580                scene_init
 .text.scene_update
                0x80018640       0x20 build/scenes/scene.o
                0x80018640                scene_update
 .text.scene_fixed_update
                0x80018660       0x20 build/scenes/scene.o
                0x80018660                scene_fixed_update
 .text.scene_draw
                0x80018680      0x120 build/scenes/scene.o
                0x80018680                scene_draw
 .text.game_lighting_initialize
                0x800187a0       0x40 build/utilities/game_lighting.o
                0x800187a0                game_lighting_initialize
 .text.game_time_init
                0x800187e0       0xa0 build/utilities/game_time.o
                0x800187e0                game_time_init
 .text.game_time_update
                0x80018880       0xc0 build/utilities/game_time.o
                0x80018880                game_time_update
 .text.joypad_utility_init
                0x80018940       0x60 build/utilities/joypad_utility.o
                0x80018940                joypad_utility_init
 .text.joypad_update
                0x800189a0       0xa0 build/utilities/joypad_utility.o
                0x800189a0                joypad_update
 .text.t3d_vec3_cross
                0x80018a40       0x54 /home/pickle/n64/tiny3d//build/libt3d.a
 .text.t3d_vec3_norm
                0x80018a94       0x54 /home/pickle/n64/tiny3d//build/libt3d.a
 .text.t3d_mat4_look_at
                0x80018ae8      0x130 /home/pickle/n64/tiny3d//build/libt3d.a
                0x80018ae8                t3d_mat4_look_at
 .text.t3d_mat4_to_frustum
                0x80018c18       0xb4 /home/pickle/n64/tiny3d//build/libt3d.a
                0x80018c18                t3d_mat4_to_frustum
 .text.t3d_mat4_perspective
                0x80018ccc       0xb4 /home/pickle/n64/tiny3d//build/libt3d.a
                0x80018ccc                t3d_mat4_perspective
 .text.t3d_mat4_to_fixed
                0x80018d80       0xbc /home/pickle/n64/tiny3d//build/libt3d.a
                0x80018d80                t3d_mat4_to_fixed
 .text.t3d_mat4_rot_from_dir
                0x80018e3c       0xd0 /home/pickle/n64/tiny3d//build/libt3d.a
                0x80018e3c                t3d_mat4_rot_from_dir
 .text.t3d_mat4_rotate
                0x80018f0c       0xf4 /home/pickle/n64/tiny3d//build/libt3d.a
                0x80018f0c                t3d_mat4_rotate
 .text.t3d_mat4_mul
                0x80019000       0x70 /home/pickle/n64/tiny3d//build/libt3d.a
 .text.t3d_matrix_stack
                0x80019070       0x6c /home/pickle/n64/tiny3d//build/libt3d.a
 .text.t3d_dmem_set_u16
                0x800190dc       0x48 /home/pickle/n64/tiny3d//build/libt3d.a
 .text.t3d_init
                0x80019124       0xc0 /home/pickle/n64/tiny3d//build/libt3d.a
                0x80019124                t3d_init
 .text.t3d_screen_clear_color
                0x800191e4       0x24 /home/pickle/n64/tiny3d//build/libt3d.a
                0x800191e4                t3d_screen_clear_color
 .text.t3d_screen_clear_depth
                0x80019208       0x24 /home/pickle/n64/tiny3d//build/libt3d.a
                0x80019208                t3d_screen_clear_depth
 .text.t3d_matrix_set
                0x8001922c       0x10 /home/pickle/n64/tiny3d//build/libt3d.a
                0x8001922c                t3d_matrix_set
 .text.t3d_matrix_pop
                0x8001923c       0x18 /home/pickle/n64/tiny3d//build/libt3d.a
                0x8001923c                t3d_matrix_pop
 .text.t3d_matrix_push_pos
                0x80019254       0x14 /home/pickle/n64/tiny3d//build/libt3d.a
                0x80019254                t3d_matrix_push_pos
 .text.t3d_matrix_set_proj
                0x80019268       0x4c /home/pickle/n64/tiny3d//build/libt3d.a
                0x80019268                t3d_matrix_set_proj
 .text.t3d_frame_start
                0x800192b4       0x58 /home/pickle/n64/tiny3d//build/libt3d.a
                0x800192b4                t3d_frame_start
 .text.t3d_light_set_count
                0x8001930c        0xc /home/pickle/n64/tiny3d//build/libt3d.a
                0x8001930c                t3d_light_set_count
 .text.t3d_light_set_ambient
                0x80019318       0x54 /home/pickle/n64/tiny3d//build/libt3d.a
                0x80019318                t3d_light_set_ambient
 .text.t3d_light_set_directional
                0x8001936c      0x1a0 /home/pickle/n64/tiny3d//build/libt3d.a
                0x8001936c                t3d_light_set_directional
 .text.t3d_fog_set_range
                0x8001950c       0xe0 /home/pickle/n64/tiny3d//build/libt3d.a
                0x8001950c                t3d_fog_set_range
 .text.t3d_viewport_attach
                0x800195ec      0x3b8 /home/pickle/n64/tiny3d//build/libt3d.a
                0x800195ec                t3d_viewport_attach
 .text.t3d_viewport_set_perspective
                0x800199a4       0x4c /home/pickle/n64/tiny3d//build/libt3d.a
                0x800199a4                t3d_viewport_set_perspective
 .text.t3d_viewport_set_projection
                0x800199f0       0x40 /home/pickle/n64/tiny3d//build/libt3d.a
                0x800199f0                t3d_viewport_set_projection
 .text.t3d_viewport_look_at
                0x80019a30       0x58 /home/pickle/n64/tiny3d//build/libt3d.a
                0x80019a30                t3d_viewport_look_at
 .text.t3d_debug_print_init
                0x80019a88       0x2c /home/pickle/n64/tiny3d//build/libt3d.a
                0x80019a88                t3d_debug_print_init
 .text.t3d_debug_print_start
                0x80019ab4       0x78 /home/pickle/n64/tiny3d//build/libt3d.a
                0x80019ab4                t3d_debug_print_start
 .text.t3d_debug_print
                0x80019b2c      0x1e4 /home/pickle/n64/tiny3d//build/libt3d.a
                0x80019b2c                t3d_debug_print
 .text.t3d_debug_printf
                0x80019d10       0x64 /home/pickle/n64/tiny3d//build/libt3d.a
                0x80019d10                t3d_debug_printf
 *fill*         0x80019d74        0xc 
 .text.data_cache_hit_writeback
                0x80019d80       0x60 /home/pickle/n64/toolchain/lib/gcc/mips64-elf/14.2.0/../../../../mips64-elf/lib/libdragon.a(n64sys.o)
                0x80019d80                data_cache_hit_writeback
 .text.data_cache_hit_invalidate
                0x80019de0       0x80 /home/pickle/n64/toolchain/lib/gcc/mips64-elf/14.2.0/../../../../mips64-elf/lib/libdragon.a(n64sys.o)
                0x80019de0                data_cache_hit_invalidate
 .text.data_cache_hit_writeback_invalidate
                0x80019e60       0x60 /home/pickle/n64/toolchain/lib/gcc/mips64-elf/14.2.0/../../../../mips64-elf/lib/libdragon.a(n64sys.o)
                0x80019e60                data_cache_hit_writeback_invalidate
 .text.inst_cache_hit_invalidate
                0x80019ec0       0x60 /home/pickle/n64/toolchain/lib/gcc/mips64-elf/14.2.0/../../../../mips64-elf/lib/libdragon.a(n64sys.o)
                0x80019ec0                inst_cache_hit_invalidate
 .text.malloc_uncached
                0x80019f20       0x60 /home/pickle/n64/toolchain/lib/gcc/mips64-elf/14.2.0/../../../../mips64-elf/lib/libdragon.a(n64sys.o)
                0x80019f20                malloc_uncached
 .text.malloc_uncached_aligned
                0x80019f80       0x80 /home/pickle/n64/toolchain/lib/gcc/mips64-elf/14.2.0/../../../../mips64-elf/lib/libdragon.a(n64sys.o)
                0x80019f80                malloc_uncached_aligned
 .text.free_uncached
                0x8001a000       0x20 /home/pickle/n64/toolchain/lib/gcc/mips64-elf/14.2.0/../../../../mips64-elf/lib/libdragon.a(n64sys.o)
                0x8001a000                free_uncached
 .text.get_ticks
                0x8001a020       0x40 /home/pickle/n64/toolchain/lib/gcc/mips64-elf/14.2.0/../../../../mips64-elf/lib/libdragon.a(n64sys.o)
                0x8001a020                get_ticks
 .text.get_ticks_us
                0x8001a060       0x60 /home/pickle/n64/toolchain/lib/gcc/mips64-elf/14.2.0/../../../../mips64-elf/lib/libdragon.a(n64sys.o)
                0x8001a060                get_ticks_us
 .text.wait_ms  0x8001a0c0       0x40 /home/pickle/n64/toolchain/lib/gcc/mips64-elf/14.2.0/../../../../mips64-elf/lib/libdragon.a(n64sys.o)
                0x8001a0c0                wait_ms
 .text.die      0x8001a100       0x60 /home/pickle/n64/toolchain/lib/gcc/mips64-elf/14.2.0/../../../../mips64-elf/lib/libdragon.a(n64sys.o)
                0x8001a100                die
 .text.sys_get_heap_stats
                0x8001a160       0x40 /home/pickle/n64/toolchain/lib/gcc/mips64-elf/14.2.0/../../../../mips64-elf/lib/libdragon.a(n64sys.o)
                0x8001a160                sys_get_heap_stats
 .text.startup.__init_cop1
                0x8001a1a0       0x40 /home/pickle/n64/toolchain/lib/gcc/mips64-elf/14.2.0/../../../../mips64-elf/lib/libdragon.a(n64sys.o)
                0x8001a1a0                __init_cop1
 .text.__MI_handler
                0x8001a1e0      0x380 /home/pickle/n64/toolchain/lib/gcc/mips64-elf/14.2.0/../../../../mips64-elf/lib/libdragon.a(interrupt.o)
                0x8001a1e0                __MI_handler
 .text.__MI_BB_handler
                0x8001a560      0x300 /home/pickle/n64/toolchain/lib/gcc/mips64-elf/14.2.0/../../../../mips64-elf/lib/libdragon.a(interrupt.o)
                0x8001a560                __MI_BB_handler
 .text.__TI_handler
                0x8001a860       0x80 /home/pickle/n64/toolchain/lib/gcc/mips64-elf/14.2.0/../../../../mips64-elf/lib/libdragon.a(interrupt.o)
                0x8001a860                __TI_handler
 .text.__CART_handler
                0x8001a8e0      0x100 /home/pickle/n64/toolchain/lib/gcc/mips64-elf/14.2.0/../../../../mips64-elf/lib/libdragon.a(interrupt.o)
                0x8001a8e0                __CART_handler
 .text.__RESET_handler
                0x8001a9e0       0x60 /home/pickle/n64/toolchain/lib/gcc/mips64-elf/14.2.0/../../../../mips64-elf/lib/libdragon.a(interrupt.o)
                0x8001a9e0                __RESET_handler
 .text.register_AI_handler
                0x8001aa40       0x60 /home/pickle/n64/toolchain/lib/gcc/mips64-elf/14.2.0/../../../../mips64-elf/lib/libdragon.a(interrupt.o)
                0x8001aa40                register_AI_handler
 .text.register_VI_handler
                0x8001aaa0       0x60 /home/pickle/n64/toolchain/lib/gcc/mips64-elf/14.2.0/../../../../mips64-elf/lib/libdragon.a(interrupt.o)
                0x8001aaa0                register_VI_handler
 .text.register_DP_handler
                0x8001ab00       0x60 /home/pickle/n64/toolchain/lib/gcc/mips64-elf/14.2.0/../../../../mips64-elf/lib/libdragon.a(interrupt.o)
                0x8001ab00                register_DP_handler
 .text.register_SI_handler
                0x8001ab60       0x60 /home/pickle/n64/toolchain/lib/gcc/mips64-elf/14.2.0/../../../../mips64-elf/lib/libdragon.a(interrupt.o)
                0x8001ab60                register_SI_handler
 .text.register_SP_handler
                0x8001abc0       0x60 /home/pickle/n64/toolchain/lib/gcc/mips64-elf/14.2.0/../../../../mips64-elf/lib/libdragon.a(interrupt.o)
                0x8001abc0                register_SP_handler
 .text.register_TI_handler
                0x8001ac20       0x60 /home/pickle/n64/toolchain/lib/gcc/mips64-elf/14.2.0/../../../../mips64-elf/lib/libdragon.a(interrupt.o)
                0x8001ac20                register_TI_handler
 .text.register_RESET_handler
                0x8001ac80       0x80 /home/pickle/n64/toolchain/lib/gcc/mips64-elf/14.2.0/../../../../mips64-elf/lib/libdragon.a(interrupt.o)
                0x8001ac80                register_RESET_handler
 .text.set_AI_interrupt
                0x8001ad00       0x20 /home/pickle/n64/toolchain/lib/gcc/mips64-elf/14.2.0/../../../../mips64-elf/lib/libdragon.a(interrupt.o)
                0x8001ad00                set_AI_interrupt
 .text.set_VI_interrupt
                0x8001ad20       0x40 /home/pickle/n64/toolchain/lib/gcc/mips64-elf/14.2.0/../../../../mips64-elf/lib/libdragon.a(interrupt.o)
                0x8001ad20                set_VI_interrupt
 .text.set_DP_interrupt
                0x8001ad60       0x20 /home/pickle/n64/toolchain/lib/gcc/mips64-elf/14.2.0/../../../../mips64-elf/lib/libdragon.a(interrupt.o)
                0x8001ad60                set_DP_interrupt
 .text.set_SI_interrupt
                0x8001ad80       0x20 /home/pickle/n64/toolchain/lib/gcc/mips64-elf/14.2.0/../../../../mips64-elf/lib/libdragon.a(interrupt.o)
                0x8001ad80                set_SI_interrupt
 .text.set_SP_interrupt
                0x8001ada0       0x20 /home/pickle/n64/toolchain/lib/gcc/mips64-elf/14.2.0/../../../../mips64-elf/lib/libdragon.a(interrupt.o)
                0x8001ada0                set_SP_interrupt
 .text.set_TI_interrupt
                0x8001adc0       0x40 /home/pickle/n64/toolchain/lib/gcc/mips64-elf/14.2.0/../../../../mips64-elf/lib/libdragon.a(interrupt.o)
                0x8001adc0                set_TI_interrupt
 .text.startup.__init_interrupts
                0x8001ae00       0x60 /home/pickle/n64/toolchain/lib/gcc/mips64-elf/14.2.0/../../../../mips64-elf/lib/libdragon.a(interrupt.o)
                0x8001ae00                __init_interrupts
 .text.disable_interrupts
                0x8001ae60       0x40 /home/pickle/n64/toolchain/lib/gcc/mips64-elf/14.2.0/../../../../mips64-elf/lib/libdragon.a(interrupt.o)
                0x8001ae60                disable_interrupts
 .text.enable_interrupts
                0x8001aea0       0x80 /home/pickle/n64/toolchain/lib/gcc/mips64-elf/14.2.0/../../../../mips64-elf/lib/libdragon.a(interrupt.o)
                0x8001aea0                enable_interrupts
 .text.get_interrupts_state
                0x8001af20       0x20 /home/pickle/n64/toolchain/lib/gcc/mips64-elf/14.2.0/../../../../mips64-elf/lib/libdragon.a(interrupt.o)
                0x8001af20                get_interrupts_state
 .text.exception_reset_time
                0x8001af40       0x20 /home/pickle/n64/toolchain/lib/gcc/mips64-elf/14.2.0/../../../../mips64-elf/lib/libdragon.a(interrupt.o)
                0x8001af40                exception_reset_time
 .text.__stderr_write
                0x8001af60       0x80 /home/pickle/n64/toolchain/lib/gcc/mips64-elf/14.2.0/../../../../mips64-elf/lib/libdragon.a(debug.o)
 .text.usblog_write
                0x8001afe0       0x20 /home/pickle/n64/toolchain/lib/gcc/mips64-elf/14.2.0/../../../../mips64-elf/lib/libdragon.a(debug.o)
 .text.isviewer_write
                0x8001b000       0xe0 /home/pickle/n64/toolchain/lib/gcc/mips64-elf/14.2.0/../../../../mips64-elf/lib/libdragon.a(debug.o)
 .text.cb.0     0x8001b0e0       0xa0 /home/pickle/n64/toolchain/lib/gcc/mips64-elf/14.2.0/../../../../mips64-elf/lib/libdragon.a(debug.o)
 .text.debug_init_usblog
                0x8001b180       0xe0 /home/pickle/n64/toolchain/lib/gcc/mips64-elf/14.2.0/../../../../mips64-elf/lib/libdragon.a(debug.o)
                0x8001b180                debug_init_usblog
 .text.debug_init_isviewer
                0x8001b260       0xe0 /home/pickle/n64/toolchain/lib/gcc/mips64-elf/14.2.0/../../../../mips64-elf/lib/libdragon.a(debug.o)
                0x8001b260                debug_init_isviewer
 .text.debug_assert_func_f
                0x8001b340       0xe0 /home/pickle/n64/toolchain/lib/gcc/mips64-elf/14.2.0/../../../../mips64-elf/lib/libdragon.a(debug.o)
                0x8001b340                debug_assert_func_f
 .text.debug_assert_func
                0x8001b420       0x20 /home/pickle/n64/toolchain/lib/gcc/mips64-elf/14.2.0/../../../../mips64-elf/lib/libdragon.a(debug.o)
                0x8001b420                debug_assert_func
 .text.debug_hexdump
                0x8001b440      0x280 /home/pickle/n64/toolchain/lib/gcc/mips64-elf/14.2.0/../../../../mips64-elf/lib/libdragon.a(debug.o)
                0x8001b440                debug_hexdump
 .text.__debug_backtrace
                0x8001b6c0      0x120 /home/pickle/n64/toolchain/lib/gcc/mips64-elf/14.2.0/../../../../mips64-elf/lib/libdragon.a(debug.o)
                0x8001b6c0                __debug_backtrace
 .text.debug_backtrace
                0x8001b7e0       0x20 /home/pickle/n64/toolchain/lib/gcc/mips64-elf/14.2.0/../../../../mips64-elf/lib/libdragon.a(debug.o)
                0x8001b7e0                debug_backtrace
 .text.usb_64drive_read
                0x8001b800       0x60 /home/pickle/n64/toolchain/lib/gcc/mips64-elf/14.2.0/../../../../mips64-elf/lib/libdragon.a(usb.o)
 .text.usb_everdrive_read
                0x8001b860       0x20 /home/pickle/n64/toolchain/lib/gcc/mips64-elf/14.2.0/../../../../mips64-elf/lib/libdragon.a(usb.o)
 .text.usb_sc64_read
                0x8001b880       0x20 /home/pickle/n64/toolchain/lib/gcc/mips64-elf/14.2.0/../../../../mips64-elf/lib/libdragon.a(usb.o)
 .text.usb_64drive_poll
                0x8001b8a0      0x220 /home/pickle/n64/toolchain/lib/gcc/mips64-elf/14.2.0/../../../../mips64-elf/lib/libdragon.a(usb.o)
 .text.usb_everdrive_usbbusy
                0x8001bac0       0xe0 /home/pickle/n64/toolchain/lib/gcc/mips64-elf/14.2.0/../../../../mips64-elf/lib/libdragon.a(usb.o)
 .text.usb_everdrive_readusb
                0x8001bba0       0xc0 /home/pickle/n64/toolchain/lib/gcc/mips64-elf/14.2.0/../../../../mips64-elf/lib/libdragon.a(usb.o)
 .text.usb_everdrive_poll
                0x8001bc60      0x220 /home/pickle/n64/toolchain/lib/gcc/mips64-elf/14.2.0/../../../../mips64-elf/lib/libdragon.a(usb.o)
 .text.usb_everdrive_write
                0x8001be80      0x220 /home/pickle/n64/toolchain/lib/gcc/mips64-elf/14.2.0/../../../../mips64-elf/lib/libdragon.a(usb.o)
 .text.usb_sc64_poll
                0x8001c0a0      0x160 /home/pickle/n64/toolchain/lib/gcc/mips64-elf/14.2.0/../../../../mips64-elf/lib/libdragon.a(usb.o)
 .text.usb_write
                0x8001c200       0x40 /home/pickle/n64/toolchain/lib/gcc/mips64-elf/14.2.0/../../../../mips64-elf/lib/libdragon.a(usb.o)
                0x8001c200                usb_write
 .text.usb_sendheartbeat
                0x8001c240       0x60 /home/pickle/n64/toolchain/lib/gcc/mips64-elf/14.2.0/../../../../mips64-elf/lib/libdragon.a(usb.o)
                0x8001c240                usb_sendheartbeat
 .text.usb_initialize
                0x8001c2a0      0x1e0 /home/pickle/n64/toolchain/lib/gcc/mips64-elf/14.2.0/../../../../mips64-elf/lib/libdragon.a(usb.o)
                0x8001c2a0                usb_initialize
 .text.usb_64drive_wait
                0x8001c480       0xc0 /home/pickle/n64/toolchain/lib/gcc/mips64-elf/14.2.0/../../../../mips64-elf/lib/libdragon.a(usb.o)
                0x8001c480                usb_64drive_wait
 .text.usb_64drive_write
                0x8001c540      0x260 /home/pickle/n64/toolchain/lib/gcc/mips64-elf/14.2.0/../../../../mips64-elf/lib/libdragon.a(usb.o)
 .text.usb_sc64_execute_cmd
                0x8001c7a0       0xc0 /home/pickle/n64/toolchain/lib/gcc/mips64-elf/14.2.0/../../../../mips64-elf/lib/libdragon.a(usb.o)
                0x8001c7a0                usb_sc64_execute_cmd
 .text.usb_sc64_write
                0x8001c860      0x300 /home/pickle/n64/toolchain/lib/gcc/mips64-elf/14.2.0/../../../../mips64-elf/lib/libdragon.a(usb.o)
 .text.get_next_token
                0x8001cb60       0xc0 /home/pickle/n64/toolchain/lib/gcc/mips64-elf/14.2.0/../../../../mips64-elf/lib/libdragon.a(dragonfs.o)
 .text.__fstat  0x8001cc20       0x40 /home/pickle/n64/toolchain/lib/gcc/mips64-elf/14.2.0/../../../../mips64-elf/lib/libdragon.a(dragonfs.o)
 .text.lookup_file
                0x8001cc60      0x260 /home/pickle/n64/toolchain/lib/gcc/mips64-elf/14.2.0/../../../../mips64-elf/lib/libdragon.a(dragonfs.o)
 .text.__close  0x8001cec0       0x40 /home/pickle/n64/toolchain/lib/gcc/mips64-elf/14.2.0/../../../../mips64-elf/lib/libdragon.a(dragonfs.o)
 .text.__ioctl  0x8001cf00       0x60 /home/pickle/n64/toolchain/lib/gcc/mips64-elf/14.2.0/../../../../mips64-elf/lib/libdragon.a(dragonfs.o)
 .text.recurse_path
                0x8001cf60      0x3e0 /home/pickle/n64/toolchain/lib/gcc/mips64-elf/14.2.0/../../../../mips64-elf/lib/libdragon.a(dragonfs.o)
 .text.__findnext
                0x8001d340      0x100 /home/pickle/n64/toolchain/lib/gcc/mips64-elf/14.2.0/../../../../mips64-elf/lib/libdragon.a(dragonfs.o)
 .text.__dfs_findfirst
                0x8001d440       0xe0 /home/pickle/n64/toolchain/lib/gcc/mips64-elf/14.2.0/../../../../mips64-elf/lib/libdragon.a(dragonfs.o)
 .text.__findfirst
                0x8001d520       0x60 /home/pickle/n64/toolchain/lib/gcc/mips64-elf/14.2.0/../../../../mips64-elf/lib/libdragon.a(dragonfs.o)
 .text.__lseek  0x8001d580       0xa0 /home/pickle/n64/toolchain/lib/gcc/mips64-elf/14.2.0/../../../../mips64-elf/lib/libdragon.a(dragonfs.o)
 .text.dfs_open
                0x8001d620      0x1a0 /home/pickle/n64/toolchain/lib/gcc/mips64-elf/14.2.0/../../../../mips64-elf/lib/libdragon.a(dragonfs.o)
                0x8001d620                dfs_open
 .text.__open   0x8001d7c0       0xc0 /home/pickle/n64/toolchain/lib/gcc/mips64-elf/14.2.0/../../../../mips64-elf/lib/libdragon.a(dragonfs.o)
 .text.dfs_read
                0x8001d880      0x1a0 /home/pickle/n64/toolchain/lib/gcc/mips64-elf/14.2.0/../../../../mips64-elf/lib/libdragon.a(dragonfs.o)
                0x8001d880                dfs_read
 .text.__read   0x8001da20       0x20 /home/pickle/n64/toolchain/lib/gcc/mips64-elf/14.2.0/../../../../mips64-elf/lib/libdragon.a(dragonfs.o)
 .text.dfs_init
                0x8001da40      0x220 /home/pickle/n64/toolchain/lib/gcc/mips64-elf/14.2.0/../../../../mips64-elf/lib/libdragon.a(dragonfs.o)
                0x8001da40                dfs_init
 .text.audio_callback.part.0
                0x8001dc60      0x1e0 /home/pickle/n64/toolchain/lib/gcc/mips64-elf/14.2.0/../../../../mips64-elf/lib/libdragon.a(audio.o)
 .text.audio_callback
                0x8001de40       0x60 /home/pickle/n64/toolchain/lib/gcc/mips64-elf/14.2.0/../../../../mips64-elf/lib/libdragon.a(audio.o)
 .text.audio_init
                0x8001dea0      0x200 /home/pickle/n64/toolchain/lib/gcc/mips64-elf/14.2.0/../../../../mips64-elf/lib/libdragon.a(audio.o)
                0x8001dea0                audio_init
 .text.audio_write_begin
                0x8001e0a0      0x100 /home/pickle/n64/toolchain/lib/gcc/mips64-elf/14.2.0/../../../../mips64-elf/lib/libdragon.a(audio.o)
                0x8001e0a0                audio_write_begin
 .text.audio_write_end
                0x8001e1a0       0x80 /home/pickle/n64/toolchain/lib/gcc/mips64-elf/14.2.0/../../../../mips64-elf/lib/libdragon.a(audio.o)
                0x8001e1a0                audio_write_end
 .text.audio_can_write
                0x8001e220       0x40 /home/pickle/n64/toolchain/lib/gcc/mips64-elf/14.2.0/../../../../mips64-elf/lib/libdragon.a(audio.o)
                0x8001e220                audio_can_write
 .text.audio_get_frequency
                0x8001e260       0x20 /home/pickle/n64/toolchain/lib/gcc/mips64-elf/14.2.0/../../../../mips64-elf/lib/libdragon.a(audio.o)
                0x8001e260                audio_get_frequency
 .text.audio_get_buffer_length
                0x8001e280       0x20 /home/pickle/n64/toolchain/lib/gcc/mips64-elf/14.2.0/../../../../mips64-elf/lib/libdragon.a(audio.o)
                0x8001e280                audio_get_buffer_length
 .text.__display_callback
                0x8001e2a0      0x2e0 /home/pickle/n64/toolchain/lib/gcc/mips64-elf/14.2.0/../../../../mips64-elf/lib/libdragon.a(display.o)
 .text.display_init
                0x8001e580      0x700 /home/pickle/n64/toolchain/lib/gcc/mips64-elf/14.2.0/../../../../mips64-elf/lib/libdragon.a(display.o)
                0x8001e580                display_init
 .text.display_close
                0x8001ec80      0x120 /home/pickle/n64/toolchain/lib/gcc/mips64-elf/14.2.0/../../../../mips64-elf/lib/libdragon.a(display.o)
                0x8001ec80                display_close
 .text.display_try_get
                0x8001eda0       0xc0 /home/pickle/n64/toolchain/lib/gcc/mips64-elf/14.2.0/../../../../mips64-elf/lib/libdragon.a(display.o)
                0x8001eda0                display_try_get
 .text.display_get
                0x8001ee60      0x140 /home/pickle/n64/toolchain/lib/gcc/mips64-elf/14.2.0/../../../../mips64-elf/lib/libdragon.a(display.o)
                0x8001ee60                display_get
 .text.display_get_zbuf
                0x8001efa0      0x100 /home/pickle/n64/toolchain/lib/gcc/mips64-elf/14.2.0/../../../../mips64-elf/lib/libdragon.a(display.o)
                0x8001efa0                display_get_zbuf
 .text.display_show
                0x8001f0a0      0x160 /home/pickle/n64/toolchain/lib/gcc/mips64-elf/14.2.0/../../../../mips64-elf/lib/libdragon.a(display.o)
                0x8001f0a0                display_show
 .text.display_get_width
                0x8001f200       0x20 /home/pickle/n64/toolchain/lib/gcc/mips64-elf/14.2.0/../../../../mips64-elf/lib/libdragon.a(display.o)
                0x8001f200                display_get_width
 .text.display_get_height
                0x8001f220       0x20 /home/pickle/n64/toolchain/lib/gcc/mips64-elf/14.2.0/../../../../mips64-elf/lib/libdragon.a(display.o)
                0x8001f220                display_get_height
 .text.display_get_bitdepth
                0x8001f240       0x20 /home/pickle/n64/toolchain/lib/gcc/mips64-elf/14.2.0/../../../../mips64-elf/lib/libdragon.a(display.o)
                0x8001f240                display_get_bitdepth
 .text.display_get_fps
                0x8001f260       0x20 /home/pickle/n64/toolchain/lib/gcc/mips64-elf/14.2.0/../../../../mips64-elf/lib/libdragon.a(display.o)
                0x8001f260                display_get_fps
 .text.tex_format_name
                0x8001f280       0x40 /home/pickle/n64/toolchain/lib/gcc/mips64-elf/14.2.0/../../../../mips64-elf/lib/libdragon.a(surface.o)
                0x8001f280                tex_format_name
 .text.surface_alloc
                0x8001f2c0       0xe0 /home/pickle/n64/toolchain/lib/gcc/mips64-elf/14.2.0/../../../../mips64-elf/lib/libdragon.a(surface.o)
                0x8001f2c0                surface_alloc
 .text.surface_free
                0x8001f3a0       0x80 /home/pickle/n64/toolchain/lib/gcc/mips64-elf/14.2.0/../../../../mips64-elf/lib/libdragon.a(surface.o)
                0x8001f3a0                surface_free
 .text.__console_render.part.0
                0x8001f420      0x100 /home/pickle/n64/toolchain/lib/gcc/mips64-elf/14.2.0/../../../../mips64-elf/lib/libdragon.a(console.o)
 .text.__console_write
                0x8001f520      0x320 /home/pickle/n64/toolchain/lib/gcc/mips64-elf/14.2.0/../../../../mips64-elf/lib/libdragon.a(console.o)
 .text.console_set_render_mode
                0x8001f840       0x20 /home/pickle/n64/toolchain/lib/gcc/mips64-elf/14.2.0/../../../../mips64-elf/lib/libdragon.a(console.o)
                0x8001f840                console_set_render_mode
 .text.console_init
                0x8001f860       0xe0 /home/pickle/n64/toolchain/lib/gcc/mips64-elf/14.2.0/../../../../mips64-elf/lib/libdragon.a(console.o)
                0x8001f860                console_init
 .text.console_render
                0x8001f940       0x40 /home/pickle/n64/toolchain/lib/gcc/mips64-elf/14.2.0/../../../../mips64-elf/lib/libdragon.a(console.o)
                0x8001f940                console_render
 .text.console_set_debug
                0x8001f980       0x20 /home/pickle/n64/toolchain/lib/gcc/mips64-elf/14.2.0/../../../../mips64-elf/lib/libdragon.a(console.o)
                0x8001f980                console_set_debug
 .text.must_open.part.0
                0x8001f9a0      0x100 /home/pickle/n64/toolchain/lib/gcc/mips64-elf/14.2.0/../../../../mips64-elf/lib/libdragon.a(asset.o)
 .text.asset_read
                0x8001faa0      0x3c0 /home/pickle/n64/toolchain/lib/gcc/mips64-elf/14.2.0/../../../../mips64-elf/lib/libdragon.a(asset.o)
 .text.asset_read_header
                0x8001fe60      0x1e0 /home/pickle/n64/toolchain/lib/gcc/mips64-elf/14.2.0/../../../../mips64-elf/lib/libdragon.a(asset.o)
 .text.__asset_init_compression_lvl2
                0x80020040       0x60 /home/pickle/n64/toolchain/lib/gcc/mips64-elf/14.2.0/../../../../mips64-elf/lib/libdragon.a(asset.o)
                0x80020040                __asset_init_compression_lvl2
 .text.asset_load
                0x800200a0      0x160 /home/pickle/n64/toolchain/lib/gcc/mips64-elf/14.2.0/../../../../mips64-elf/lib/libdragon.a(asset.o)
                0x800200a0                asset_load
 .text.graphics_draw_character.part.0
                0x80020200      0x4e0 /home/pickle/n64/toolchain/lib/gcc/mips64-elf/14.2.0/../../../../mips64-elf/lib/libdragon.a(graphics.o)
 .text.graphics_set_color
                0x800206e0       0x20 /home/pickle/n64/toolchain/lib/gcc/mips64-elf/14.2.0/../../../../mips64-elf/lib/libdragon.a(graphics.o)
                0x800206e0                graphics_set_color
 .text.graphics_draw_box
                0x80020700      0x120 /home/pickle/n64/toolchain/lib/gcc/mips64-elf/14.2.0/../../../../mips64-elf/lib/libdragon.a(graphics.o)
                0x80020700                graphics_draw_box
 .text.graphics_fill_screen
                0x80020820       0x80 /home/pickle/n64/toolchain/lib/gcc/mips64-elf/14.2.0/../../../../mips64-elf/lib/libdragon.a(graphics.o)
                0x80020820                graphics_fill_screen
 .text.graphics_set_default_font
                0x800208a0       0x20 /home/pickle/n64/toolchain/lib/gcc/mips64-elf/14.2.0/../../../../mips64-elf/lib/libdragon.a(graphics.o)
                0x800208a0                graphics_set_default_font
 .text.graphics_draw_character
                0x800208c0       0x20 /home/pickle/n64/toolchain/lib/gcc/mips64-elf/14.2.0/../../../../mips64-elf/lib/libdragon.a(graphics.o)
                0x800208c0                graphics_draw_character
 .text.graphics_draw_text
                0x800208e0      0x120 /home/pickle/n64/toolchain/lib/gcc/mips64-elf/14.2.0/../../../../mips64-elf/lib/libdragon.a(graphics.o)
                0x800208e0                graphics_draw_text
 .text.rsp_load_code
                0x80020a00      0x100 /home/pickle/n64/toolchain/lib/gcc/mips64-elf/14.2.0/../../../../mips64-elf/lib/libdragon.a(rsp.o)
                0x80020a00                rsp_load_code
 .text.rsp_load_data
                0x80020b00       0xe0 /home/pickle/n64/toolchain/lib/gcc/mips64-elf/14.2.0/../../../../mips64-elf/lib/libdragon.a(rsp.o)
                0x80020b00                rsp_load_data
 .text.rsp_load
                0x80020be0       0x60 /home/pickle/n64/toolchain/lib/gcc/mips64-elf/14.2.0/../../../../mips64-elf/lib/libdragon.a(rsp.o)
                0x80020be0                rsp_load
 .text.rsp_read_code
                0x80020c40       0xe0 /home/pickle/n64/toolchain/lib/gcc/mips64-elf/14.2.0/../../../../mips64-elf/lib/libdragon.a(rsp.o)
                0x80020c40                rsp_read_code
 .text.rsp_read_data
                0x80020d20       0xe0 /home/pickle/n64/toolchain/lib/gcc/mips64-elf/14.2.0/../../../../mips64-elf/lib/libdragon.a(rsp.o)
                0x80020d20                rsp_read_data
 .text.__rsp_run_async
                0x80020e00       0x40 /home/pickle/n64/toolchain/lib/gcc/mips64-elf/14.2.0/../../../../mips64-elf/lib/libdragon.a(rsp.o)
                0x80020e00                __rsp_run_async
 .text.__rsp_crash
                0x80020e40      0xc40 /home/pickle/n64/toolchain/lib/gcc/mips64-elf/14.2.0/../../../../mips64-elf/lib/libdragon.a(rsp.o)
                0x80020e40                __rsp_crash
 .text.__rsp_check_assert
                0x80021a80       0x80 /home/pickle/n64/toolchain/lib/gcc/mips64-elf/14.2.0/../../../../mips64-elf/lib/libdragon.a(rsp.o)
                0x80021a80                __rsp_check_assert
 .text.rsp_wait
                0x80021b00      0x100 /home/pickle/n64/toolchain/lib/gcc/mips64-elf/14.2.0/../../../../mips64-elf/lib/libdragon.a(rsp.o)
                0x80021b00                rsp_wait
 .text.rsp_run  0x80021c00       0x60 /home/pickle/n64/toolchain/lib/gcc/mips64-elf/14.2.0/../../../../mips64-elf/lib/libdragon.a(rsp.o)
                0x80021c00                rsp_run
 .text.cb.2     0x80021c60       0x60 /home/pickle/n64/toolchain/lib/gcc/mips64-elf/14.2.0/../../../../mips64-elf/lib/libdragon.a(inspector.o)
 .text.cb.1     0x80021cc0       0x60 /home/pickle/n64/toolchain/lib/gcc/mips64-elf/14.2.0/../../../../mips64-elf/lib/libdragon.a(inspector.o)
 .text.inspector_print_backtrace
                0x80021d20      0x180 /home/pickle/n64/toolchain/lib/gcc/mips64-elf/14.2.0/../../../../mips64-elf/lib/libdragon.a(inspector.o)
 .text.cb.0     0x80021ea0      0x120 /home/pickle/n64/toolchain/lib/gcc/mips64-elf/14.2.0/../../../../mips64-elf/lib/libdragon.a(inspector.o)
 .text.cb.3     0x80021fc0      0x120 /home/pickle/n64/toolchain/lib/gcc/mips64-elf/14.2.0/../../../../mips64-elf/lib/libdragon.a(inspector.o)
 .text.inspector_stdout
                0x800220e0      0x300 /home/pickle/n64/toolchain/lib/gcc/mips64-elf/14.2.0/../../../../mips64-elf/lib/libdragon.a(inspector.o)
 .text.title    0x800223e0       0xa0 /home/pickle/n64/toolchain/lib/gcc/mips64-elf/14.2.0/../../../../mips64-elf/lib/libdragon.a(inspector.o)
 .text.mips_disasm
                0x80022480      0x6e0 /home/pickle/n64/toolchain/lib/gcc/mips64-elf/14.2.0/../../../../mips64-elf/lib/libdragon.a(inspector.o)
 .text.inspector
                0x80022b60     0x10a0 /home/pickle/n64/toolchain/lib/gcc/mips64-elf/14.2.0/../../../../mips64-elf/lib/libdragon.a(inspector.o)
 .text.handler.4
                0x80023c00       0x40 /home/pickle/n64/toolchain/lib/gcc/mips64-elf/14.2.0/../../../../mips64-elf/lib/libdragon.a(inspector.o)
 .text.__inspector_exception
                0x80023c40       0x20 /home/pickle/n64/toolchain/lib/gcc/mips64-elf/14.2.0/../../../../mips64-elf/lib/libdragon.a(inspector.o)
                0x80023c40                __inspector_exception
 .text.__inspector_assertion
                0x80023c60       0x20 /home/pickle/n64/toolchain/lib/gcc/mips64-elf/14.2.0/../../../../mips64-elf/lib/libdragon.a(inspector.o)
                0x80023c60                __inspector_assertion
 .text.startup.__inspector_init
                0x80023c80       0x20 /home/pickle/n64/toolchain/lib/gcc/mips64-elf/14.2.0/../../../../mips64-elf/lib/libdragon.a(inspector.o)
                0x80023c80                __inspector_init
 .text.__sprite_upgrade.part.0
                0x80023ca0       0x40 /home/pickle/n64/toolchain/lib/gcc/mips64-elf/14.2.0/../../../../mips64-elf/lib/libdragon.a(sprite.o)
 .text.sprite_load_buf.part.0
                0x80023ce0       0x40 /home/pickle/n64/toolchain/lib/gcc/mips64-elf/14.2.0/../../../../mips64-elf/lib/libdragon.a(sprite.o)
 .text.__sprite_ext
                0x80023d20       0xa0 /home/pickle/n64/toolchain/lib/gcc/mips64-elf/14.2.0/../../../../mips64-elf/lib/libdragon.a(sprite.o)
                0x80023d20                __sprite_ext
 .text.sprite_load_buf
                0x80023dc0       0xe0 /home/pickle/n64/toolchain/lib/gcc/mips64-elf/14.2.0/../../../../mips64-elf/lib/libdragon.a(sprite.o)
                0x80023dc0                sprite_load_buf
 .text.sprite_load
                0x80023ea0       0xe0 /home/pickle/n64/toolchain/lib/gcc/mips64-elf/14.2.0/../../../../mips64-elf/lib/libdragon.a(sprite.o)
                0x80023ea0                sprite_load
 .text.sprite_get_pixels
                0x80023f80       0x60 /home/pickle/n64/toolchain/lib/gcc/mips64-elf/14.2.0/../../../../mips64-elf/lib/libdragon.a(sprite.o)
                0x80023f80                sprite_get_pixels
 .text.sprite_get_lod_pixels
                0x80023fe0      0x160 /home/pickle/n64/toolchain/lib/gcc/mips64-elf/14.2.0/../../../../mips64-elf/lib/libdragon.a(sprite.o)
                0x80023fe0                sprite_get_lod_pixels
 .text.sprite_get_detail_pixels
                0x80024140      0x1a0 /home/pickle/n64/toolchain/lib/gcc/mips64-elf/14.2.0/../../../../mips64-elf/lib/libdragon.a(sprite.o)
                0x80024140                sprite_get_detail_pixels
 .text.sprite_get_palette
                0x800242e0       0x60 /home/pickle/n64/toolchain/lib/gcc/mips64-elf/14.2.0/../../../../mips64-elf/lib/libdragon.a(sprite.o)
                0x800242e0                sprite_get_palette
 .text.sprite_get_texparms
                0x80024340       0xc0 /home/pickle/n64/toolchain/lib/gcc/mips64-elf/14.2.0/../../../../mips64-elf/lib/libdragon.a(sprite.o)
                0x80024340                sprite_get_texparms
 .text.sprite_fits_tmem
                0x80024400       0x40 /home/pickle/n64/toolchain/lib/gcc/mips64-elf/14.2.0/../../../../mips64-elf/lib/libdragon.a(sprite.o)
                0x80024400                sprite_fits_tmem
 .text.sprite_is_shq
                0x80024440       0x40 /home/pickle/n64/toolchain/lib/gcc/mips64-elf/14.2.0/../../../../mips64-elf/lib/libdragon.a(sprite.o)
                0x80024440                sprite_is_shq
 .text.dma_write_raw_async.part.0
                0x80024480       0x40 /home/pickle/n64/toolchain/lib/gcc/mips64-elf/14.2.0/../../../../mips64-elf/lib/libdragon.a(dma.o)
 .text.dma_read_raw_async
                0x800244c0       0xa0 /home/pickle/n64/toolchain/lib/gcc/mips64-elf/14.2.0/../../../../mips64-elf/lib/libdragon.a(dma.o)
                0x800244c0                dma_read_raw_async
 .text.dma_read_async
                0x80024560      0x4e0 /home/pickle/n64/toolchain/lib/gcc/mips64-elf/14.2.0/../../../../mips64-elf/lib/libdragon.a(dma.o)
                0x80024560                dma_read_async
 .text.dma_read
                0x80024a40       0x40 /home/pickle/n64/toolchain/lib/gcc/mips64-elf/14.2.0/../../../../mips64-elf/lib/libdragon.a(dma.o)
                0x80024a40                dma_read
 .text.dma_write
                0x80024a80       0xa0 /home/pickle/n64/toolchain/lib/gcc/mips64-elf/14.2.0/../../../../mips64-elf/lib/libdragon.a(dma.o)
                0x80024a80                dma_write
 .text.io_read  0x80024b20       0x60 /home/pickle/n64/toolchain/lib/gcc/mips64-elf/14.2.0/../../../../mips64-elf/lib/libdragon.a(dma.o)
                0x80024b20                io_read
 .text.io_write
                0x80024b80       0x60 /home/pickle/n64/toolchain/lib/gcc/mips64-elf/14.2.0/../../../../mips64-elf/lib/libdragon.a(dma.o)
                0x80024b80                io_write
 .text.cb.0     0x80024be0       0x40 /home/pickle/n64/toolchain/lib/gcc/mips64-elf/14.2.0/../../../../mips64-elf/lib/libdragon.a(exception.o)
 .text.cb.1     0x80024c20       0x80 /home/pickle/n64/toolchain/lib/gcc/mips64-elf/14.2.0/../../../../mips64-elf/lib/libdragon.a(exception.o)
 .text.is_unmapped_kx64
                0x80024ca0      0x1e0 /home/pickle/n64/toolchain/lib/gcc/mips64-elf/14.2.0/../../../../mips64-elf/lib/libdragon.a(exception.o)
 .text.__get_exception_name.isra.0
                0x80024e80      0x5c0 /home/pickle/n64/toolchain/lib/gcc/mips64-elf/14.2.0/../../../../mips64-elf/lib/libdragon.a(exception.o)
 .text.__exception_dump_header
                0x80025440      0x340 /home/pickle/n64/toolchain/lib/gcc/mips64-elf/14.2.0/../../../../mips64-elf/lib/libdragon.a(exception.o)
                0x80025440                __exception_dump_header
 .text.__exception_dump_gpr
                0x80025780      0x180 /home/pickle/n64/toolchain/lib/gcc/mips64-elf/14.2.0/../../../../mips64-elf/lib/libdragon.a(exception.o)
                0x80025780                __exception_dump_gpr
 .text.__exception_dump_fpr
                0x80025900      0x2e0 /home/pickle/n64/toolchain/lib/gcc/mips64-elf/14.2.0/../../../../mips64-elf/lib/libdragon.a(exception.o)
                0x80025900                __exception_dump_fpr
 .text.exception_default_handler
                0x80025be0      0x1a0 /home/pickle/n64/toolchain/lib/gcc/mips64-elf/14.2.0/../../../../mips64-elf/lib/libdragon.a(exception.o)
                0x80025be0                exception_default_handler
 .text.__onCriticalException
                0x80025d80       0x80 /home/pickle/n64/toolchain/lib/gcc/mips64-elf/14.2.0/../../../../mips64-elf/lib/libdragon.a(exception.o)
                0x80025d80                __onCriticalException
 .text.register_syscall_handler
                0x80025e00      0x1a0 /home/pickle/n64/toolchain/lib/gcc/mips64-elf/14.2.0/../../../../mips64-elf/lib/libdragon.a(exception.o)
                0x80025e00                register_syscall_handler
 .text.__onSyscallException
                0x80025fa0      0x1a0 /home/pickle/n64/toolchain/lib/gcc/mips64-elf/14.2.0/../../../../mips64-elf/lib/libdragon.a(exception.o)
                0x80025fa0                __onSyscallException
 .text.__wrap___do_global_ctors
                0x80026140       0xe0 /home/pickle/n64/toolchain/lib/gcc/mips64-elf/14.2.0/../../../../mips64-elf/lib/libdragon.a(do_ctors.o)
                0x80026140                __wrap___do_global_ctors
 .text.kthread_free
                0x80026220       0x60 /home/pickle/n64/toolchain/lib/gcc/mips64-elf/14.2.0/../../../../mips64-elf/lib/libdragon.a(kernel.o)
 .text.__thlist_add.part.0
                0x80026280       0x40 /home/pickle/n64/toolchain/lib/gcc/mips64-elf/14.2.0/../../../../mips64-elf/lib/libdragon.a(kernel.o)
 .text.startup.__kernel_tls_init
                0x800262c0       0x40 /home/pickle/n64/toolchain/lib/gcc/mips64-elf/14.2.0/../../../../mips64-elf/lib/libdragon.a(kernel.o)
                0x800262c0                __kernel_tls_init
 .text.__kthread_check_overflow
                0x80026300       0xe0 /home/pickle/n64/toolchain/lib/gcc/mips64-elf/14.2.0/../../../../mips64-elf/lib/libdragon.a(kernel.o)
                0x80026300                __kthread_check_overflow
 .text.__thlist_splice_pri
                0x800263e0      0x100 /home/pickle/n64/toolchain/lib/gcc/mips64-elf/14.2.0/../../../../mips64-elf/lib/libdragon.a(kernel.o)
                0x800263e0                __thlist_splice_pri
 .text.kmutex_unlock_internal
                0x800264e0       0xa0 /home/pickle/n64/toolchain/lib/gcc/mips64-elf/14.2.0/../../../../mips64-elf/lib/libdragon.a(kernel.o)
 .text.__kthread_syscall_schedule
                0x80026580      0x340 /home/pickle/n64/toolchain/lib/gcc/mips64-elf/14.2.0/../../../../mips64-elf/lib/libdragon.a(kernel.o)
                0x80026580                __kthread_syscall_schedule
 .text.kthread_current
                0x800268c0       0x20 /home/pickle/n64/toolchain/lib/gcc/mips64-elf/14.2.0/../../../../mips64-elf/lib/libdragon.a(kernel.o)
                0x800268c0                kthread_current
 .text.kthread_suspend
                0x800268e0       0x40 /home/pickle/n64/toolchain/lib/gcc/mips64-elf/14.2.0/../../../../mips64-elf/lib/libdragon.a(kernel.o)
                0x800268e0                kthread_suspend
 .text.kthread_backtrace
                0x80026920       0x80 /home/pickle/n64/toolchain/lib/gcc/mips64-elf/14.2.0/../../../../mips64-elf/lib/libdragon.a(kernel.o)
                0x80026920                kthread_backtrace
 .text.kmutex_init
                0x800269a0       0x60 /home/pickle/n64/toolchain/lib/gcc/mips64-elf/14.2.0/../../../../mips64-elf/lib/libdragon.a(kernel.o)
                0x800269a0                kmutex_init
 .text.kmutex_destroy
                0x80026a00       0xa0 /home/pickle/n64/toolchain/lib/gcc/mips64-elf/14.2.0/../../../../mips64-elf/lib/libdragon.a(kernel.o)
                0x80026a00                kmutex_destroy
 .text.kmutex_lock
                0x80026aa0      0x1a0 /home/pickle/n64/toolchain/lib/gcc/mips64-elf/14.2.0/../../../../mips64-elf/lib/libdragon.a(kernel.o)
                0x80026aa0                kmutex_lock
 .text.kmutex_unlock
                0x80026c40      0x180 /home/pickle/n64/toolchain/lib/gcc/mips64-elf/14.2.0/../../../../mips64-elf/lib/libdragon.a(kernel.o)
                0x80026c40                kmutex_unlock
 .text.__kcond_broadcast_isr
                0x80026dc0       0x40 /home/pickle/n64/toolchain/lib/gcc/mips64-elf/14.2.0/../../../../mips64-elf/lib/libdragon.a(kernel.o)
                0x80026dc0                __kcond_broadcast_isr
 .text.kcond_wait
                0x80026e00      0x160 /home/pickle/n64/toolchain/lib/gcc/mips64-elf/14.2.0/../../../../mips64-elf/lib/libdragon.a(kernel.o)
                0x80026e00                kcond_wait
 .text.kirq_begin_wait_si
                0x80026f60       0x20 /home/pickle/n64/toolchain/lib/gcc/mips64-elf/14.2.0/../../../../mips64-elf/lib/libdragon.a(kirq.o)
                0x80026f60                kirq_begin_wait_si
 .text.kirq_begin_wait_vi
                0x80026f80       0x20 /home/pickle/n64/toolchain/lib/gcc/mips64-elf/14.2.0/../../../../mips64-elf/lib/libdragon.a(kirq.o)
                0x80026f80                kirq_begin_wait_vi
 .text.kirq_wait
                0x80026fa0       0x80 /home/pickle/n64/toolchain/lib/gcc/mips64-elf/14.2.0/../../../../mips64-elf/lib/libdragon.a(kirq.o)
                0x80026fa0                kirq_wait
 .text.waveform_wrap_wpos.part.0
                0x80027020       0x40 /home/pickle/n64/toolchain/lib/gcc/mips64-elf/14.2.0/../../../../mips64-elf/lib/libdragon.a(mixer.o)
 .text.mixer_ch_set_limits
                0x80027060      0x280 /home/pickle/n64/toolchain/lib/gcc/mips64-elf/14.2.0/../../../../mips64-elf/lib/libdragon.a(mixer.o)
                0x80027060                mixer_ch_set_limits
 .text.mixer_init
                0x800272e0      0x180 /home/pickle/n64/toolchain/lib/gcc/mips64-elf/14.2.0/../../../../mips64-elf/lib/libdragon.a(mixer.o)
                0x800272e0                mixer_init
 .text.mixer_remove_event
                0x80027460       0xa0 /home/pickle/n64/toolchain/lib/gcc/mips64-elf/14.2.0/../../../../mips64-elf/lib/libdragon.a(mixer.o)
                0x80027460                mixer_remove_event
 .text.mixer_poll
                0x80027500      0x960 /home/pickle/n64/toolchain/lib/gcc/mips64-elf/14.2.0/../../../../mips64-elf/lib/libdragon.a(mixer.o)
                0x80027500                mixer_poll
 .text.mixer_try_play
                0x80027e60       0x60 /home/pickle/n64/toolchain/lib/gcc/mips64-elf/14.2.0/../../../../mips64-elf/lib/libdragon.a(mixer.o)
                0x80027e60                mixer_try_play
 .text.samplebuffer_is_inited
                0x80027ec0       0x20 /home/pickle/n64/toolchain/lib/gcc/mips64-elf/14.2.0/../../../../mips64-elf/lib/libdragon.a(samplebuffer.o)
                0x80027ec0                samplebuffer_is_inited
 .text.samplebuffer_close
                0x80027ee0       0x60 /home/pickle/n64/toolchain/lib/gcc/mips64-elf/14.2.0/../../../../mips64-elf/lib/libdragon.a(samplebuffer.o)
                0x80027ee0                samplebuffer_close
 .text.samplebuffer_get
                0x80027f40      0x220 /home/pickle/n64/toolchain/lib/gcc/mips64-elf/14.2.0/../../../../mips64-elf/lib/libdragon.a(samplebuffer.o)
                0x80027f40                samplebuffer_get
 .text.samplebuffer_discard
                0x80028160      0x180 /home/pickle/n64/toolchain/lib/gcc/mips64-elf/14.2.0/../../../../mips64-elf/lib/libdragon.a(samplebuffer.o)
                0x80028160                samplebuffer_discard
 .text.joypad_inputs_from_n64_controller_read
                0x800282e0       0xc0 /home/pickle/n64/toolchain/lib/gcc/mips64-elf/14.2.0/../../../../mips64-elf/lib/libdragon.a(joypad.o)
 .text.joypad_gcn_origin_callback
                0x800283a0       0xe0 /home/pickle/n64/toolchain/lib/gcc/mips64-elf/14.2.0/../../../../mips64-elf/lib/libdragon.a(joypad.o)
 .text.joybus_input_read_n64_controllers
                0x80028480       0xe0 /home/pickle/n64/toolchain/lib/gcc/mips64-elf/14.2.0/../../../../mips64-elf/lib/libdragon.a(joypad.o)
 .text.joypad_read_callback
                0x80028560       0x60 /home/pickle/n64/toolchain/lib/gcc/mips64-elf/14.2.0/../../../../mips64-elf/lib/libdragon.a(joypad.o)
 .text.joypad_device_changed
                0x800285c0       0x80 /home/pickle/n64/toolchain/lib/gcc/mips64-elf/14.2.0/../../../../mips64-elf/lib/libdragon.a(joypad.o)
 .text.joypad_identify_callback
                0x80028640      0x2a0 /home/pickle/n64/toolchain/lib/gcc/mips64-elf/14.2.0/../../../../mips64-elf/lib/libdragon.a(joypad.o)
 .text.joypad_read_async.part.0
                0x800288e0      0x220 /home/pickle/n64/toolchain/lib/gcc/mips64-elf/14.2.0/../../../../mips64-elf/lib/libdragon.a(joypad.o)
 .text.joypad_identify_async.part.0
                0x80028b00      0x140 /home/pickle/n64/toolchain/lib/gcc/mips64-elf/14.2.0/../../../../mips64-elf/lib/libdragon.a(joypad.o)
 .text.joypad_poll.part.0
                0x80028c40      0x520 /home/pickle/n64/toolchain/lib/gcc/mips64-elf/14.2.0/../../../../mips64-elf/lib/libdragon.a(joypad.o)
 .text.joypad_vi_interrupt_callback
                0x80029160       0xa0 /home/pickle/n64/toolchain/lib/gcc/mips64-elf/14.2.0/../../../../mips64-elf/lib/libdragon.a(joypad.o)
 .text.joypad_reset_interrupt_callback
                0x80029200      0x2c0 /home/pickle/n64/toolchain/lib/gcc/mips64-elf/14.2.0/../../../../mips64-elf/lib/libdragon.a(joypad.o)
 .text.joypad_read_n64_inputs
                0x800294c0      0x1e0 /home/pickle/n64/toolchain/lib/gcc/mips64-elf/14.2.0/../../../../mips64-elf/lib/libdragon.a(joypad.o)
                0x800294c0                joypad_read_n64_inputs
 .text.joypad_init
                0x800296a0      0x1e0 /home/pickle/n64/toolchain/lib/gcc/mips64-elf/14.2.0/../../../../mips64-elf/lib/libdragon.a(joypad.o)
                0x800296a0                joypad_init
 .text.joypad_poll
                0x80029880       0x60 /home/pickle/n64/toolchain/lib/gcc/mips64-elf/14.2.0/../../../../mips64-elf/lib/libdragon.a(joypad.o)
                0x80029880                joypad_poll
 .text.joypad_get_inputs
                0x800298e0       0xa0 /home/pickle/n64/toolchain/lib/gcc/mips64-elf/14.2.0/../../../../mips64-elf/lib/libdragon.a(joypad.o)
                0x800298e0                joypad_get_inputs
 .text.joypad_get_buttons_pressed
                0x80029980       0xa0 /home/pickle/n64/toolchain/lib/gcc/mips64-elf/14.2.0/../../../../mips64-elf/lib/libdragon.a(joypad.o)
                0x80029980                joypad_get_buttons_pressed
 .text.joypad_get_buttons_released
                0x80029a20       0xa0 /home/pickle/n64/toolchain/lib/gcc/mips64-elf/14.2.0/../../../../mips64-elf/lib/libdragon.a(joypad.o)
                0x80029a20                joypad_get_buttons_released
 .text.rspq_switch_context
                0x80029ac0       0x60 /home/pickle/n64/toolchain/lib/gcc/mips64-elf/14.2.0/../../../../mips64-elf/lib/libdragon.a(rspq.o)
 .text.rspq_flush_internal
                0x80029b20       0x40 /home/pickle/n64/toolchain/lib/gcc/mips64-elf/14.2.0/../../../../mips64-elf/lib/libdragon.a(rspq.o)
 .text.rspq_sp_interrupt
                0x80029b60       0xa0 /home/pickle/n64/toolchain/lib/gcc/mips64-elf/14.2.0/../../../../mips64-elf/lib/libdragon.a(rspq.o)
 .text.rspq_init_context
                0x80029c00       0xa0 /home/pickle/n64/toolchain/lib/gcc/mips64-elf/14.2.0/../../../../mips64-elf/lib/libdragon.a(rspq.o)
 .text.rspq_switch_buffer.part.0
                0x80029ca0       0x40 /home/pickle/n64/toolchain/lib/gcc/mips64-elf/14.2.0/../../../../mips64-elf/lib/libdragon.a(rspq.o)
 .text.rspq_crash_handler
                0x80029ce0      0x320 /home/pickle/n64/toolchain/lib/gcc/mips64-elf/14.2.0/../../../../mips64-elf/lib/libdragon.a(rspq.o)
 .text.rspq_assert_handler
                0x8002a000      0x100 /home/pickle/n64/toolchain/lib/gcc/mips64-elf/14.2.0/../../../../mips64-elf/lib/libdragon.a(rspq.o)
 .text.rspq_init
                0x8002a100      0x3c0 /home/pickle/n64/toolchain/lib/gcc/mips64-elf/14.2.0/../../../../mips64-elf/lib/libdragon.a(rspq.o)
                0x8002a100                rspq_init
 .text.rspq_flush
                0x8002a4c0       0x40 /home/pickle/n64/toolchain/lib/gcc/mips64-elf/14.2.0/../../../../mips64-elf/lib/libdragon.a(rspq.o)
                0x8002a4c0                rspq_flush
 .text.rspq_highpri_begin
                0x8002a500      0x120 /home/pickle/n64/toolchain/lib/gcc/mips64-elf/14.2.0/../../../../mips64-elf/lib/libdragon.a(rspq.o)
                0x8002a500                rspq_highpri_begin
 .text.rspq_highpri_end
                0x8002a620       0xa0 /home/pickle/n64/toolchain/lib/gcc/mips64-elf/14.2.0/../../../../mips64-elf/lib/libdragon.a(rspq.o)
                0x8002a620                rspq_highpri_end
 .text.rspq_in_highpri
                0x8002a6c0       0x20 /home/pickle/n64/toolchain/lib/gcc/mips64-elf/14.2.0/../../../../mips64-elf/lib/libdragon.a(rspq.o)
                0x8002a6c0                rspq_in_highpri
 .text.rspq_block_begin
                0x8002a6e0      0x100 /home/pickle/n64/toolchain/lib/gcc/mips64-elf/14.2.0/../../../../mips64-elf/lib/libdragon.a(rspq.o)
                0x8002a6e0                rspq_block_begin
 .text.rspq_block_end
                0x8002a7e0       0xa0 /home/pickle/n64/toolchain/lib/gcc/mips64-elf/14.2.0/../../../../mips64-elf/lib/libdragon.a(rspq.o)
                0x8002a7e0                rspq_block_end
 .text.__rspq_deferred_poll
                0x8002a880       0xe0 /home/pickle/n64/toolchain/lib/gcc/mips64-elf/14.2.0/../../../../mips64-elf/lib/libdragon.a(rspq.o)
                0x8002a880                __rspq_deferred_poll
 .text.rspq_next_buffer
                0x8002a960      0x2e0 /home/pickle/n64/toolchain/lib/gcc/mips64-elf/14.2.0/../../../../mips64-elf/lib/libdragon.a(rspq.o)
                0x8002a960                rspq_next_buffer
 .text.rspq_block_run
                0x8002ac40      0x100 /home/pickle/n64/toolchain/lib/gcc/mips64-elf/14.2.0/../../../../mips64-elf/lib/libdragon.a(rspq.o)
                0x8002ac40                rspq_block_run
 .text.rspq_syncpoint_new
                0x8002ad40       0xe0 /home/pickle/n64/toolchain/lib/gcc/mips64-elf/14.2.0/../../../../mips64-elf/lib/libdragon.a(rspq.o)
                0x8002ad40                rspq_syncpoint_new
 .text.rspq_overlay_register_internal
                0x8002ae20      0x540 /home/pickle/n64/toolchain/lib/gcc/mips64-elf/14.2.0/../../../../mips64-elf/lib/libdragon.a(rspq.o)
 .text.rspq_overlay_register
                0x8002b360       0x20 /home/pickle/n64/toolchain/lib/gcc/mips64-elf/14.2.0/../../../../mips64-elf/lib/libdragon.a(rspq.o)
                0x8002b360                rspq_overlay_register
 .text.rspq_overlay_register_static
                0x8002b380       0x60 /home/pickle/n64/toolchain/lib/gcc/mips64-elf/14.2.0/../../../../mips64-elf/lib/libdragon.a(rspq.o)
                0x8002b380                rspq_overlay_register_static
 .text.rspq_highpri_sync
                0x8002b3e0      0x160 /home/pickle/n64/toolchain/lib/gcc/mips64-elf/14.2.0/../../../../mips64-elf/lib/libdragon.a(rspq.o)
                0x8002b3e0                rspq_highpri_sync
 .text.rspq_syncpoint_wait
                0x8002b540      0x160 /home/pickle/n64/toolchain/lib/gcc/mips64-elf/14.2.0/../../../../mips64-elf/lib/libdragon.a(rspq.o)
                0x8002b540                rspq_syncpoint_wait
 .text.rspq_wait
                0x8002b6a0      0x240 /home/pickle/n64/toolchain/lib/gcc/mips64-elf/14.2.0/../../../../mips64-elf/lib/libdragon.a(rspq.o)
                0x8002b6a0                rspq_wait
 .text.rspq_overlay_get_state
                0x8002b8e0      0x160 /home/pickle/n64/toolchain/lib/gcc/mips64-elf/14.2.0/../../../../mips64-elf/lib/libdragon.a(rspq.o)
                0x8002b8e0                rspq_overlay_get_state
 .text.rspq_profile_start
                0x8002ba40       0x20 /home/pickle/n64/toolchain/lib/gcc/mips64-elf/14.2.0/../../../../mips64-elf/lib/libdragon.a(rspq_profile.o)
                0x8002ba40                rspq_profile_start
 .text.rspq_profile_reset
                0x8002ba60       0x20 /home/pickle/n64/toolchain/lib/gcc/mips64-elf/14.2.0/../../../../mips64-elf/lib/libdragon.a(rspq_profile.o)
                0x8002ba60                rspq_profile_reset
 .text.rspq_profile_next_frame
                0x8002ba80       0x20 /home/pickle/n64/toolchain/lib/gcc/mips64-elf/14.2.0/../../../../mips64-elf/lib/libdragon.a(rspq_profile.o)
                0x8002ba80                rspq_profile_next_frame
 .text.rspq_profile_get_data
                0x8002baa0       0x20 /home/pickle/n64/toolchain/lib/gcc/mips64-elf/14.2.0/../../../../mips64-elf/lib/libdragon.a(rspq_profile.o)
                0x8002baa0                rspq_profile_get_data
 .text.__rdpq_interrupt
                0x8002bac0       0xc0 /home/pickle/n64/toolchain/lib/gcc/mips64-elf/14.2.0/../../../../mips64-elf/lib/libdragon.a(rdpq.o)
 .text.rdpq_assert_handler
                0x8002bb80       0xc0 /home/pickle/n64/toolchain/lib/gcc/mips64-elf/14.2.0/../../../../mips64-elf/lib/libdragon.a(rdpq.o)
 .text.rdpq_set_tile
                0x8002bc40      0x2a0 /home/pickle/n64/toolchain/lib/gcc/mips64-elf/14.2.0/../../../../mips64-elf/lib/libdragon.a(rdpq.o)
                0x8002bc40                rdpq_set_tile
 .text.rdpq_config_set
                0x8002bee0       0x20 /home/pickle/n64/toolchain/lib/gcc/mips64-elf/14.2.0/../../../../mips64-elf/lib/libdragon.a(rdpq.o)
                0x8002bee0                rdpq_config_set
 .text.rdpq_config_disable
                0x8002bf00       0x20 /home/pickle/n64/toolchain/lib/gcc/mips64-elf/14.2.0/../../../../mips64-elf/lib/libdragon.a(rdpq.o)
                0x8002bf00                rdpq_config_disable
 .text.__rdpq_block_begin
                0x8002bf20       0x40 /home/pickle/n64/toolchain/lib/gcc/mips64-elf/14.2.0/../../../../mips64-elf/lib/libdragon.a(rdpq.o)
                0x8002bf20                __rdpq_block_begin
 .text.__rdpq_block_next_buffer
                0x8002bf60      0x1e0 /home/pickle/n64/toolchain/lib/gcc/mips64-elf/14.2.0/../../../../mips64-elf/lib/libdragon.a(rdpq.o)
                0x8002bf60                __rdpq_block_next_buffer
 .text.rdpq_fence
                0x8002c140      0x140 /home/pickle/n64/toolchain/lib/gcc/mips64-elf/14.2.0/../../../../mips64-elf/lib/libdragon.a(rdpq.o)
                0x8002c140                rdpq_fence
 .text.__rdpq_block_end
                0x8002c280       0x40 /home/pickle/n64/toolchain/lib/gcc/mips64-elf/14.2.0/../../../../mips64-elf/lib/libdragon.a(rdpq.o)
                0x8002c280                __rdpq_block_end
 .text.__rdpq_block_run
                0x8002c2c0       0xa0 /home/pickle/n64/toolchain/lib/gcc/mips64-elf/14.2.0/../../../../mips64-elf/lib/libdragon.a(rdpq.o)
                0x8002c2c0                __rdpq_block_run
 .text.__rdpq_block_reserve
                0x8002c360      0x120 /home/pickle/n64/toolchain/lib/gcc/mips64-elf/14.2.0/../../../../mips64-elf/lib/libdragon.a(rdpq.o)
                0x8002c360                __rdpq_block_reserve
 .text.__rdpq_block_update
                0x8002c480      0x120 /home/pickle/n64/toolchain/lib/gcc/mips64-elf/14.2.0/../../../../mips64-elf/lib/libdragon.a(rdpq.o)
                0x8002c480                __rdpq_block_update
 .text.__rdpq_write8
                0x8002c5a0       0xe0 /home/pickle/n64/toolchain/lib/gcc/mips64-elf/14.2.0/../../../../mips64-elf/lib/libdragon.a(rdpq.o)
                0x8002c5a0                __rdpq_write8
 .text.__rdpq_autosync_change
                0x8002c680      0x140 /home/pickle/n64/toolchain/lib/gcc/mips64-elf/14.2.0/../../../../mips64-elf/lib/libdragon.a(rdpq.o)
                0x8002c680                __rdpq_autosync_change
 .text.__rdpq_write8_syncchange
                0x8002c7c0       0x60 /home/pickle/n64/toolchain/lib/gcc/mips64-elf/14.2.0/../../../../mips64-elf/lib/libdragon.a(rdpq.o)
                0x8002c7c0                __rdpq_write8_syncchange
 .text.__rdpq_fixup_write8_syncchange
                0x8002c820      0x140 /home/pickle/n64/toolchain/lib/gcc/mips64-elf/14.2.0/../../../../mips64-elf/lib/libdragon.a(rdpq.o)
                0x8002c820                __rdpq_fixup_write8_syncchange
 .text.rdpq_set_prim_color
                0x8002c960       0x20 /home/pickle/n64/toolchain/lib/gcc/mips64-elf/14.2.0/../../../../mips64-elf/lib/libdragon.a(rdpq.o)
                0x8002c960                rdpq_set_prim_color
 .text.__rdpq_write8_syncchangeuse
                0x8002c980       0x80 /home/pickle/n64/toolchain/lib/gcc/mips64-elf/14.2.0/../../../../mips64-elf/lib/libdragon.a(rdpq.o)
                0x8002c980                __rdpq_write8_syncchangeuse
 .text.__rdpq_set_scissor
                0x8002ca00      0x100 /home/pickle/n64/toolchain/lib/gcc/mips64-elf/14.2.0/../../../../mips64-elf/lib/libdragon.a(rdpq.o)
                0x8002ca00                __rdpq_set_scissor
 .text.__rdpq_set_fill_color
                0x8002cb00      0x100 /home/pickle/n64/toolchain/lib/gcc/mips64-elf/14.2.0/../../../../mips64-elf/lib/libdragon.a(rdpq.o)
                0x8002cb00                __rdpq_set_fill_color
 .text.__rdpq_set_color_image
                0x8002cc00      0x140 /home/pickle/n64/toolchain/lib/gcc/mips64-elf/14.2.0/../../../../mips64-elf/lib/libdragon.a(rdpq.o)
                0x8002cc00                __rdpq_set_color_image
 .text.rdpq_set_color_image
                0x8002cd40      0x200 /home/pickle/n64/toolchain/lib/gcc/mips64-elf/14.2.0/../../../../mips64-elf/lib/libdragon.a(rdpq.o)
                0x8002cd40                rdpq_set_color_image
 .text.rdpq_set_z_image
                0x8002cf40       0xc0 /home/pickle/n64/toolchain/lib/gcc/mips64-elf/14.2.0/../../../../mips64-elf/lib/libdragon.a(rdpq.o)
                0x8002cf40                rdpq_set_z_image
 .text.rdpq_set_texture_image
                0x8002d000      0x160 /home/pickle/n64/toolchain/lib/gcc/mips64-elf/14.2.0/../../../../mips64-elf/lib/libdragon.a(rdpq.o)
                0x8002d000                rdpq_set_texture_image
 .text.__rdpq_set_other_modes
                0x8002d160      0x140 /home/pickle/n64/toolchain/lib/gcc/mips64-elf/14.2.0/../../../../mips64-elf/lib/libdragon.a(rdpq.o)
                0x8002d160                __rdpq_set_other_modes
 .text.rdpq_init
                0x8002d2a0      0x1c0 /home/pickle/n64/toolchain/lib/gcc/mips64-elf/14.2.0/../../../../mips64-elf/lib/libdragon.a(rdpq.o)
                0x8002d2a0                rdpq_init
 .text.__rdpq_change_other_modes
                0x8002d460      0x180 /home/pickle/n64/toolchain/lib/gcc/mips64-elf/14.2.0/../../../../mips64-elf/lib/libdragon.a(rdpq.o)
                0x8002d460                __rdpq_change_other_modes
 .text.rdpq_set_tile_autotmem
                0x8002d5e0       0xa0 /home/pickle/n64/toolchain/lib/gcc/mips64-elf/14.2.0/../../../../mips64-elf/lib/libdragon.a(rdpq.o)
                0x8002d5e0                rdpq_set_tile_autotmem
 .text.rdpq_sync_full
                0x8002d680      0x120 /home/pickle/n64/toolchain/lib/gcc/mips64-elf/14.2.0/../../../../mips64-elf/lib/libdragon.a(rdpq.o)
                0x8002d680                rdpq_sync_full
 .text.rdpq_sync_pipe
                0x8002d7a0       0x60 /home/pickle/n64/toolchain/lib/gcc/mips64-elf/14.2.0/../../../../mips64-elf/lib/libdragon.a(rdpq.o)
                0x8002d7a0                rdpq_sync_pipe
 .text.rdpq_sync_tile
                0x8002d800       0x60 /home/pickle/n64/toolchain/lib/gcc/mips64-elf/14.2.0/../../../../mips64-elf/lib/libdragon.a(rdpq.o)
                0x8002d800                rdpq_sync_tile
 .text.rdpq_sync_load
                0x8002d860       0x60 /home/pickle/n64/toolchain/lib/gcc/mips64-elf/14.2.0/../../../../mips64-elf/lib/libdragon.a(rdpq.o)
                0x8002d860                rdpq_sync_load
 .text.rdpq_triangle_rsp
                0x8002d8c0      0x580 /home/pickle/n64/toolchain/lib/gcc/mips64-elf/14.2.0/../../../../mips64-elf/lib/libdragon.a(rdpq_tri.o)
                0x8002d8c0                rdpq_triangle_rsp
 .text.rdpq_triangle
                0x8002de40       0x20 /home/pickle/n64/toolchain/lib/gcc/mips64-elf/14.2.0/../../../../mips64-elf/lib/libdragon.a(rdpq_tri.o)
                0x8002de40                rdpq_triangle
 .text.__rdpq_fill_rectangle
                0x8002de60      0x120 /home/pickle/n64/toolchain/lib/gcc/mips64-elf/14.2.0/../../../../mips64-elf/lib/libdragon.a(rdpq_rect.o)
                0x8002de60                __rdpq_fill_rectangle
 .text.__rdpq_fill_rectangle_offline
                0x8002df80       0x80 /home/pickle/n64/toolchain/lib/gcc/mips64-elf/14.2.0/../../../../mips64-elf/lib/libdragon.a(rdpq_rect.o)
                0x8002df80                __rdpq_fill_rectangle_offline
 .text.__rdpq_texture_rectangle
                0x8002e000      0x1a0 /home/pickle/n64/toolchain/lib/gcc/mips64-elf/14.2.0/../../../../mips64-elf/lib/libdragon.a(rdpq_rect.o)
                0x8002e000                __rdpq_texture_rectangle
 .text.__rdpq_texture_rectangle_raw_fx
                0x8002e1a0       0x60 /home/pickle/n64/toolchain/lib/gcc/mips64-elf/14.2.0/../../../../mips64-elf/lib/libdragon.a(rdpq_rect.o)
                0x8002e1a0                __rdpq_texture_rectangle_raw_fx
 .text.__rdpq_texture_rectangle_offline
                0x8002e200      0x240 /home/pickle/n64/toolchain/lib/gcc/mips64-elf/14.2.0/../../../../mips64-elf/lib/libdragon.a(rdpq_rect.o)
                0x8002e200                __rdpq_texture_rectangle_offline
 .text.__rdpq_texture_rectangle_scaled_offline
                0x8002e440      0x280 /home/pickle/n64/toolchain/lib/gcc/mips64-elf/14.2.0/../../../../mips64-elf/lib/libdragon.a(rdpq_rect.o)
                0x8002e440                __rdpq_texture_rectangle_scaled_offline
 .text.__rdpq_fixup_mode
                0x8002e6c0       0xc0 /home/pickle/n64/toolchain/lib/gcc/mips64-elf/14.2.0/../../../../mips64-elf/lib/libdragon.a(rdpq_mode.o)
                0x8002e6c0                __rdpq_fixup_mode
 .text.__rdpq_fixup_mode3
                0x8002e780       0xe0 /home/pickle/n64/toolchain/lib/gcc/mips64-elf/14.2.0/../../../../mips64-elf/lib/libdragon.a(rdpq_mode.o)
                0x8002e780                __rdpq_fixup_mode3
 .text.__rdpq_mode_change_som
                0x8002e860       0xa0 /home/pickle/n64/toolchain/lib/gcc/mips64-elf/14.2.0/../../../../mips64-elf/lib/libdragon.a(rdpq_mode.o)
                0x8002e860                __rdpq_mode_change_som
 .text.rdpq_mode_alphacompare
                0x8002e900       0xa0 /home/pickle/n64/toolchain/lib/gcc/mips64-elf/14.2.0/../../../../mips64-elf/lib/libdragon.a(rdpq_mode.o)
                0x8002e900                rdpq_mode_alphacompare
 .text.rdpq_mode_dithering
                0x8002e9a0       0x20 /home/pickle/n64/toolchain/lib/gcc/mips64-elf/14.2.0/../../../../mips64-elf/lib/libdragon.a(rdpq_mode.o)
                0x8002e9a0                rdpq_mode_dithering
 .text.rdpq_mode_filter
                0x8002e9c0       0x20 /home/pickle/n64/toolchain/lib/gcc/mips64-elf/14.2.0/../../../../mips64-elf/lib/libdragon.a(rdpq_mode.o)
                0x8002e9c0                rdpq_mode_filter
 .text.rdpq_mode_persp
                0x8002e9e0       0x20 /home/pickle/n64/toolchain/lib/gcc/mips64-elf/14.2.0/../../../../mips64-elf/lib/libdragon.a(rdpq_mode.o)
                0x8002e9e0                rdpq_mode_persp
 .text.rdpq_mode_fog
                0x8002ea00       0xc0 /home/pickle/n64/toolchain/lib/gcc/mips64-elf/14.2.0/../../../../mips64-elf/lib/libdragon.a(rdpq_mode.o)
                0x8002ea00                rdpq_mode_fog
 .text.rdpq_mode_antialias
                0x8002eac0       0x60 /home/pickle/n64/toolchain/lib/gcc/mips64-elf/14.2.0/../../../../mips64-elf/lib/libdragon.a(rdpq_mode.o)
                0x8002eac0                rdpq_mode_antialias
 .text.__rdpq_fixup_mode4
                0x8002eb20       0xe0 /home/pickle/n64/toolchain/lib/gcc/mips64-elf/14.2.0/../../../../mips64-elf/lib/libdragon.a(rdpq_mode.o)
                0x8002eb20                __rdpq_fixup_mode4
 .text.rdpq_mode_combiner
                0x8002ec00      0x100 /home/pickle/n64/toolchain/lib/gcc/mips64-elf/14.2.0/../../../../mips64-elf/lib/libdragon.a(rdpq_mode.o)
                0x8002ec00                rdpq_mode_combiner
 .text.__rdpq_reset_render_mode
                0x8002ed00      0x100 /home/pickle/n64/toolchain/lib/gcc/mips64-elf/14.2.0/../../../../mips64-elf/lib/libdragon.a(rdpq_mode.o)
                0x8002ed00                __rdpq_reset_render_mode
 .text.rdpq_mode_push